Archive member included to satisfy reference by file (symbol)

c:/program files (x86)/gnu arm embedded toolchain/10 2021.10/bin/../lib/gcc/arm-none-eabi/10.3.1/thumb/v7e-m/nofp\libgcc.a(_arm_addsubdf3.o)
                              CMakeFiles/Debug_Timer_Prints.elf.dir/Src/main.c.obj (__aeabi_ui2d)
c:/program files (x86)/gnu arm embedded toolchain/10 2021.10/bin/../lib/gcc/arm-none-eabi/10.3.1/thumb/v7e-m/nofp\libgcc.a(_arm_muldivdf3.o)
                              CMakeFiles/Debug_Timer_Prints.elf.dir/Src/main.c.obj (__aeabi_ddiv)
c:/program files (x86)/gnu arm embedded toolchain/10 2021.10/bin/../lib/gcc/arm-none-eabi/10.3.1/thumb/v7e-m/nofp\libgcc.a(_arm_fixunsdfsi.o)
                              CMakeFiles/Debug_Timer_Prints.elf.dir/Src/main.c.obj (__aeabi_d2uiz)
c:/program files (x86)/gnu arm embedded toolchain/10 2021.10/bin/../lib/gcc/arm-none-eabi/10.3.1/thumb/v7e-m/nofp\libgcc.a(_arm_addsubsf3.o)
                              CMakeFiles/Debug_Timer_Prints.elf.dir/Src/main.c.obj (__aeabi_ui2f)
c:/program files (x86)/gnu arm embedded toolchain/10 2021.10/bin/../lib/gcc/arm-none-eabi/10.3.1/thumb/v7e-m/nofp\libgcc.a(_aeabi_uldivmod.o)
                              CMakeFiles/Debug_Timer_Prints.elf.dir/Drivers/STM32F4xx_HAL_Driver/Src/stm32f4xx_hal_rcc.c.obj (__aeabi_uldivmod)
c:/program files (x86)/gnu arm embedded toolchain/10 2021.10/bin/../lib/gcc/arm-none-eabi/10.3.1/thumb/v7e-m/nofp\libgcc.a(_udivmoddi4.o)
                              c:/program files (x86)/gnu arm embedded toolchain/10 2021.10/bin/../lib/gcc/arm-none-eabi/10.3.1/thumb/v7e-m/nofp\libgcc.a(_aeabi_uldivmod.o) (__udivmoddi4)
c:/program files (x86)/gnu arm embedded toolchain/10 2021.10/bin/../lib/gcc/arm-none-eabi/10.3.1/thumb/v7e-m/nofp\libgcc.a(_dvmd_tls.o)
                              c:/program files (x86)/gnu arm embedded toolchain/10 2021.10/bin/../lib/gcc/arm-none-eabi/10.3.1/thumb/v7e-m/nofp\libgcc.a(_aeabi_uldivmod.o) (__aeabi_ldiv0)
c:/program files (x86)/gnu arm embedded toolchain/10 2021.10/bin/../lib/gcc/arm-none-eabi/10.3.1/../../../../arm-none-eabi/lib/thumb/v7e-m/nofp\libg.a(lib_a-errno.o)
                              CMakeFiles/Debug_Timer_Prints.elf.dir/Src/syscalls.c.obj (__errno)
c:/program files (x86)/gnu arm embedded toolchain/10 2021.10/bin/../lib/gcc/arm-none-eabi/10.3.1/../../../../arm-none-eabi/lib/thumb/v7e-m/nofp\libg.a(lib_a-exit.o)
                              c:/program files (x86)/gnu arm embedded toolchain/10 2021.10/bin/../lib/gcc/arm-none-eabi/10.3.1/../../../../arm-none-eabi/lib/thumb/v7e-m/nofp/crt0.o (exit)
c:/program files (x86)/gnu arm embedded toolchain/10 2021.10/bin/../lib/gcc/arm-none-eabi/10.3.1/../../../../arm-none-eabi/lib/thumb/v7e-m/nofp\libg.a(lib_a-impure.o)
                              c:/program files (x86)/gnu arm embedded toolchain/10 2021.10/bin/../lib/gcc/arm-none-eabi/10.3.1/../../../../arm-none-eabi/lib/thumb/v7e-m/nofp\libg.a(lib_a-exit.o) (_global_impure_ptr)
c:/program files (x86)/gnu arm embedded toolchain/10 2021.10/bin/../lib/gcc/arm-none-eabi/10.3.1/../../../../arm-none-eabi/lib/thumb/v7e-m/nofp\libg.a(lib_a-init.o)
                              c:/program files (x86)/gnu arm embedded toolchain/10 2021.10/bin/../lib/gcc/arm-none-eabi/10.3.1/../../../../arm-none-eabi/lib/thumb/v7e-m/nofp/crt0.o (__libc_init_array)
c:/program files (x86)/gnu arm embedded toolchain/10 2021.10/bin/../lib/gcc/arm-none-eabi/10.3.1/../../../../arm-none-eabi/lib/thumb/v7e-m/nofp\libg.a(lib_a-malloc.o)
                              CMakeFiles/Debug_Timer_Prints.elf.dir/Middlewares/ST/STM32_USB_Host_Library/Class/CDC/Src/usbh_cdc.c.obj (malloc)
c:/program files (x86)/gnu arm embedded toolchain/10 2021.10/bin/../lib/gcc/arm-none-eabi/10.3.1/../../../../arm-none-eabi/lib/thumb/v7e-m/nofp\libg.a(lib_a-mallocr.o)
                              c:/program files (x86)/gnu arm embedded toolchain/10 2021.10/bin/../lib/gcc/arm-none-eabi/10.3.1/../../../../arm-none-eabi/lib/thumb/v7e-m/nofp\libg.a(lib_a-malloc.o) (_malloc_r)
c:/program files (x86)/gnu arm embedded toolchain/10 2021.10/bin/../lib/gcc/arm-none-eabi/10.3.1/../../../../arm-none-eabi/lib/thumb/v7e-m/nofp\libg.a(lib_a-memcpy.o)
                              CMakeFiles/Debug_Timer_Prints.elf.dir/Src/main.c.obj (memcpy)
c:/program files (x86)/gnu arm embedded toolchain/10 2021.10/bin/../lib/gcc/arm-none-eabi/10.3.1/../../../../arm-none-eabi/lib/thumb/v7e-m/nofp\libg.a(lib_a-memset.o)
                              c:/program files (x86)/gnu arm embedded toolchain/10 2021.10/bin/../lib/gcc/arm-none-eabi/10.3.1/../../../../arm-none-eabi/lib/thumb/v7e-m/nofp/crt0.o (memset)
c:/program files (x86)/gnu arm embedded toolchain/10 2021.10/bin/../lib/gcc/arm-none-eabi/10.3.1/../../../../arm-none-eabi/lib/thumb/v7e-m/nofp\libg.a(lib_a-mlock.o)
[...]
Memory Configuration

Name             Origin             Length             Attributes
CCMRAM           0x10000000         0x00010000         xrw
RAM              0x20000000         0x00020000         xrw
FLASH            0x08000000         0x00100000         xr
*default*        0x00000000         0xffffffff

Linker script and memory map

LOAD c:/program files (x86)/gnu arm embedded toolchain/10 2021.10/bin/../lib/gcc/arm-none-eabi/10.3.1/thumb/v7e-m/nofp/crti.o
LOAD c:/program files (x86)/gnu arm embedded toolchain/10 2021.10/bin/../lib/gcc/arm-none-eabi/10.3.1/thumb/v7e-m/nofp/crtbegin.o
LOAD c:/program files (x86)/gnu arm embedded toolchain/10 2021.10/bin/../lib/gcc/arm-none-eabi/10.3.1/../../../../arm-none-eabi/lib/thumb/v7e-m/nofp/crt0.o
LOAD CMakeFiles/Debug_Timer_Prints.elf.dir/Drivers/STM32F4xx_HAL_Driver/Src/stm32f4xx_hal.c.obj
LOAD CMakeFiles/Debug_Timer_Prints.elf.dir/Drivers/STM32F4xx_HAL_Driver/Src/stm32f4xx_hal_cortex.c.obj
LOAD CMakeFiles/Debug_Timer_Prints.elf.dir/Drivers/STM32F4xx_HAL_Driver/Src/stm32f4xx_hal_dma.c.obj
LOAD CMakeFiles/Debug_Timer_Prints.elf.dir/Drivers/STM32F4xx_HAL_Driver/Src/stm32f4xx_hal_dma_ex.c.obj
LOAD CMakeFiles/Debug_Timer_Prints.elf.dir/Drivers/STM32F4xx_HAL_Driver/Src/stm32f4xx_hal_exti.c.obj
LOAD CMakeFiles/Debug_Timer_Prints.elf.dir/Drivers/STM32F4xx_HAL_Driver/Src/stm32f4xx_hal_flash.c.obj
LOAD CMakeFiles/Debug_Timer_Prints.elf.dir/Drivers/STM32F4xx_HAL_Driver/Src/stm32f4xx_hal_flash_ex.c.obj
LOAD CMakeFiles/Debug_Timer_Prints.elf.dir/Drivers/STM32F4xx_HAL_Driver/Src/stm32f4xx_hal_flash_ramfunc.c.obj
LOAD CMakeFiles/Debug_Timer_Prints.elf.dir/Drivers/STM32F4xx_HAL_Driver/Src/stm32f4xx_hal_gpio.c.obj
LOAD CMakeFiles/Debug_Timer_Prints.elf.dir/Drivers/STM32F4xx_HAL_Driver/Src/stm32f4xx_hal_hcd.c.obj
LOAD CMakeFiles/Debug_Timer_Prints.elf.dir/Drivers/STM32F4xx_HAL_Driver/Src/stm32f4xx_hal_i2c.c.obj
LOAD CMakeFiles/Debug_Timer_Prints.elf.dir/Drivers/STM32F4xx_HAL_Driver/Src/stm32f4xx_hal_i2c_ex.c.obj
LOAD CMakeFiles/Debug_Timer_Prints.elf.dir/Drivers/STM32F4xx_HAL_Driver/Src/stm32f4xx_hal_i2s.c.obj
LOAD CMakeFiles/Debug_Timer_Prints.elf.dir/Drivers/STM32F4xx_HAL_Driver/Src/stm32f4xx_hal_i2s_ex.c.obj
LOAD CMakeFiles/Debug_Timer_Prints.elf.dir/Drivers/STM32F4xx_HAL_Driver/Src/stm32f4xx_hal_pwr.c.obj
LOAD CMakeFiles/Debug_Timer_Prints.elf.dir/Drivers/STM32F4xx_HAL_Driver/Src/stm32f4xx_hal_pwr_ex.c.obj
LOAD CMakeFiles/Debug_Timer_Prints.elf.dir/Drivers/STM32F4xx_HAL_Driver/Src/stm32f4xx_hal_rcc.c.obj
LOAD CMakeFiles/Debug_Timer_Prints.elf.dir/Drivers/STM32F4xx_HAL_Driver/Src/stm32f4xx_hal_rcc_ex.c.obj
LOAD CMakeFiles/Debug_Timer_Prints.elf.dir/Drivers/STM32F4xx_HAL_Driver/Src/stm32f4xx_hal_spi.c.obj
LOAD CMakeFiles/Debug_Timer_Prints.elf.dir/Drivers/STM32F4xx_HAL_Driver/Src/stm32f4xx_hal_tim.c.obj
LOAD CMakeFiles/Debug_Timer_Prints.elf.dir/Drivers/STM32F4xx_HAL_Driver/Src/stm32f4xx_hal_tim_ex.c.obj
LOAD CMakeFiles/Debug_Timer_Prints.elf.dir/Drivers/STM32F4xx_HAL_Driver/Src/stm32f4xx_hal_uart.c.obj
LOAD CMakeFiles/Debug_Timer_Prints.elf.dir/Drivers/STM32F4xx_HAL_Driver/Src/stm32f4xx_ll_usb.c.obj
LOAD CMakeFiles/Debug_Timer_Prints.elf.dir/Middlewares/ST/STM32_USB_Host_Library/Class/CDC/Src/usbh_cdc.c.obj
LOAD CMakeFiles/Debug_Timer_Prints.elf.dir/Middlewares/ST/STM32_USB_Host_Library/Core/Src/usbh_core.c.obj
LOAD CMakeFiles/Debug_Timer_Prints.elf.dir/Middlewares/ST/STM32_USB_Host_Library/Core/Src/usbh_ctlreq.c.obj
LOAD CMakeFiles/Debug_Timer_Prints.elf.dir/Middlewares/ST/STM32_USB_Host_Library/Core/Src/usbh_ioreq.c.obj
LOAD CMakeFiles/Debug_Timer_Prints.elf.dir/Middlewares/ST/STM32_USB_Host_Library/Core/Src/usbh_pipes.c.obj
LOAD CMakeFiles/Debug_Timer_Prints.elf.dir/Src/main.c.obj
LOAD CMakeFiles/Debug_Timer_Prints.elf.dir/Src/stm32f4xx_hal_msp.c.obj
LOAD CMakeFiles/Debug_Timer_Prints.elf.dir/Src/stm32f4xx_it.c.obj
LOAD CMakeFiles/Debug_Timer_Prints.elf.dir/Src/syscalls.c.obj
LOAD CMakeFiles/Debug_Timer_Prints.elf.dir/Src/sysmem.c.obj
LOAD CMakeFiles/Debug_Timer_Prints.elf.dir/Src/system_stm32f4xx.c.obj
LOAD CMakeFiles/Debug_Timer_Prints.elf.dir/Src/usb_host.c.obj
LOAD CMakeFiles/Debug_Timer_Prints.elf.dir/Src/usbh_conf.c.obj
LOAD CMakeFiles/Debug_Timer_Prints.elf.dir/Src/usbh_platform.c.obj
LOAD CMakeFiles/Debug_Timer_Prints.elf.dir/Startup/startup_stm32f407vgtx.s.obj
START GROUP
LOAD c:/program files (x86)/gnu arm embedded toolchain/10 2021.10/bin/../lib/gcc/arm-none-eabi/10.3.1/thumb/v7e-m/nofp\libgcc.a
LOAD c:/program files (x86)/gnu arm embedded toolchain/10 2021.10/bin/../lib/gcc/arm-none-eabi/10.3.1/../../../../arm-none-eabi/lib/thumb/v7e-m/nofp\libg.a
LOAD c:/program files (x86)/gnu arm embedded toolchain/10 2021.10/bin/../lib/gcc/arm-none-eabi/10.3.1/../../../../arm-none-eabi/lib/thumb/v7e-m/nofp\libc.a
END GROUP
LOAD c:/program files (x86)/gnu arm embedded toolchain/10 2021.10/bin/../lib/gcc/arm-none-eabi/10.3.1/thumb/v7e-m/nofp/crtend.o
LOAD c:/program files (x86)/gnu arm embedded toolchain/10 2021.10/bin/../lib/gcc/arm-none-eabi/10.3.1/thumb/v7e-m/nofp/crtn.o
                0x20020000                _estack = (ORIGIN (RAM) + LENGTH (RAM))
                0x00000200                _Min_Heap_Size = 0x200
                0x00000400                _Min_Stack_Size = 0x400

.isr_vector     0x08000000      0x188
                0x08000000                . = ALIGN (0x4)
 *(.isr_vector)
 .isr_vector    0x08000000      0x188 CMakeFiles/Debug_Timer_Prints.elf.dir/Startup/startup_stm32f407vgtx.s.obj
                0x08000000                g_pfnVectors
                0x08000188                . = ALIGN (0x4)

.text           0x080001c0     0x82b4
                0x080001c0                . = ALIGN (0x4)
 *(.text)
 .text          0x080001c0       0x40 c:/program files (x86)/gnu arm embedded toolchain/10 2021.10/bin/../lib/gcc/arm-none-eabi/10.3.1/thumb/v7e-m/nofp/crtbegin.o
 .text          0x08000200      0x378 c:/program files (x86)/gnu arm embedded toolchain/10 2021.10/bin/../lib/gcc/arm-none-eabi/10.3.1/thumb/v7e-m/nofp\libgcc.a(_arm_addsubdf3.o)
                0x08000200                __aeabi_drsub
                0x08000208                __aeabi_dsub
                0x08000208                __subdf3
                0x0800020c                __aeabi_dadd
                0x0800020c                __adddf3
                0x08000484                __floatunsidf
                0x08000484                __aeabi_ui2d
                0x080004a4                __floatsidf
                0x080004a4                __aeabi_i2d
                0x080004c8                __aeabi_f2d
                0x080004c8                __extendsfdf2
                0x0800050c                __floatundidf
                0x0800050c                __aeabi_ul2d
                0x0800051c                __floatdidf
                0x0800051c                __aeabi_l2d
 .text          0x08000578      0x424 c:/program files (x86)/gnu arm embedded toolchain/10 2021.10/bin/../lib/gcc/arm-none-eabi/10.3.1/thumb/v7e-m/nofp\libgcc.a(_arm_muldivdf3.o)
                0x08000578                __aeabi_dmul
                0x08000578                __muldf3
                0x080007cc                __divdf3
                0x080007cc                __aeabi_ddiv
 .text          0x0800099c       0x40 c:/program files (x86)/gnu arm embedded toolchain/10 2021.10/bin/../lib/gcc/arm-none-eabi/10.3.1/thumb/v7e-m/nofp\libgcc.a(_arm_fixunsdfsi.o)
                0x0800099c                __aeabi_d2uiz
                0x0800099c                __fixunsdfsi
 .text          0x080009dc      0x21c c:/program files (x86)/gnu arm embedded toolchain/10 2021.10/bin/../lib/gcc/arm-none-eabi/10.3.1/thumb/v7e-m/nofp\libgcc.a(_arm_addsubsf3.o)
                0x080009dc                __aeabi_frsub
                0x080009e4                __subsf3
                0x080009e4                __aeabi_fsub
                0x080009e8                __aeabi_fadd
                0x080009e8                __addsf3
                0x08000b48                __aeabi_ui2f
                0x08000b48                __floatunsisf
                0x08000b50                __aeabi_i2f
                0x08000b50                __floatsisf
                0x08000b6c                __aeabi_ul2f
                0x08000b6c                __floatundisf
                0x08000b7c                __aeabi_l2f
                0x08000b7c                __floatdisf
 .text          0x08000bf8       0x30 c:/program files (x86)/gnu arm embedded toolchain/10 2021.10/bin/../lib/gcc/arm-none-eabi/10.3.1/thumb/v7e-m/nofp\libgcc.a(_aeabi_uldivmod.o)
                0x08000bf8                __aeabi_uldivmod
 .text          0x08000c28      0x2d0 c:/program files (x86)/gnu arm embedded toolchain/10 2021.10/bin/../lib/gcc/arm-none-eabi/10.3.1/thumb/v7e-m/nofp\libgcc.a(_udivmoddi4.o)
                0x08000c28                __udivmoddi4
 .text          0x08000ef8        0x4 c:/program files (x86)/gnu arm embedded toolchain/10 2021.10/bin/../lib/gcc/arm-none-eabi/10.3.1/thumb/v7e-m/nofp\libgcc.a(_dvmd_tls.o)
                0x08000ef8                __aeabi_idiv0
                0x08000ef8                __aeabi_ldiv0
 .text          0x08000efc      0x134 c:/program files (x86)/gnu arm embedded toolchain/10 2021.10/bin/../lib/gcc/arm-none-eabi/10.3.1/../../../../arm-none-eabi/lib/thumb/v7e-m/nofp\libg.a(lib_a-memcpy.o)
                0x08000efc                memcpy
 .text          0x08001030       0xa0 c:/program files (x86)/gnu arm embedded toolchain/10 2021.10/bin/../lib/gcc/arm-none-eabi/10.3.1/../../../../arm-none-eabi/lib/thumb/v7e-m/nofp\libg.a(lib_a-memchr.o)
                0x08001030                memchr
 *fill*         0x080010d0       0x30 
 .text          0x08001100       0xdc c:/program files (x86)/gnu arm embedded toolchain/10 2021.10/bin/../lib/gcc/arm-none-eabi/10.3.1/../../../../arm-none-eabi/lib/thumb/v7e-m/nofp\libg.a(lib_a-strlen.o)
                0x08001100                strlen
 .text          0x080011dc      0x110 c:/program files (x86)/gnu arm embedded toolchain/10 2021.10/bin/../lib/gcc/arm-none-eabi/10.3.1/thumb/v7e-m/nofp\libgcc.a(_arm_cmpdf2.o)
                0x080011dc                __gtdf2
                0x080011dc                __gedf2
                0x080011e4                __ltdf2
                0x080011e4                __ledf2
                0x080011ec                __nedf2
                0x080011ec                __eqdf2
                0x080011ec                __cmpdf2
                0x08001268                __aeabi_cdrcmple
                0x08001278                __aeabi_cdcmpeq
                0x08001278                __aeabi_cdcmple
                0x08001288                __aeabi_dcmpeq
                0x0800129c                __aeabi_dcmplt
                0x080012b0                __aeabi_dcmple
                0x080012c4                __aeabi_dcmpge
                0x080012d8                __aeabi_dcmpgt
 .text          0x080012ec       0x2c c:/program files (x86)/gnu arm embedded toolchain/10 2021.10/bin/../lib/gcc/arm-none-eabi/10.3.1/thumb/v7e-m/nofp\libgcc.a(_arm_unorddf2.o)
                0x080012ec                __unorddf2
                0x080012ec                __aeabi_dcmpun
 .text          0x08001318       0x50 c:/program files (x86)/gnu arm embedded toolchain/10 2021.10/bin/../lib/gcc/arm-none-eabi/10.3.1/thumb/v7e-m/nofp\libgcc.a(_arm_fixdfsi.o)
                0x08001318                __aeabi_d2iz
                0x08001318                __fixdfsi
 *(.text*)
 .text.HAL_InitTick
                0x08001368       0x4c CMakeFiles/Debug_Timer_Prints.elf.dir/Drivers/STM32F4xx_HAL_Driver/Src/stm32f4xx_hal.c.obj
                0x08001368                HAL_InitTick
 .text.HAL_Init
                0x080013b4       0x34 CMakeFiles/Debug_Timer_Prints.elf.dir/Drivers/STM32F4xx_HAL_Driver/Src/stm32f4xx_hal.c.obj
                0x080013b4                HAL_Init
 .text.HAL_IncTick
                0x080013e8       0x18 CMakeFiles/Debug_Timer_Prints.elf.dir/Drivers/STM32F4xx_HAL_Driver/Src/stm32f4xx_hal.c.obj
                0x080013e8                HAL_IncTick
 .text.HAL_GetTick
                0x08001400        0xc CMakeFiles/Debug_Timer_Prints.elf.dir/Drivers/STM32F4xx_HAL_Driver/Src/stm32f4xx_hal.c.obj
                0x08001400                HAL_GetTick
 .text.HAL_NVIC_SetPriorityGrouping
                0x0800140c       0x24 CMakeFiles/Debug_Timer_Prints.elf.dir/Drivers/STM32F4xx_HAL_Driver/Src/stm32f4xx_hal_cortex.c.obj
                0x0800140c                HAL_NVIC_SetPriorityGrouping
 .text.HAL_NVIC_SetPriority
                0x08001430       0x70 CMakeFiles/Debug_Timer_Prints.elf.dir/Drivers/STM32F4xx_HAL_Driver/Src/stm32f4xx_hal_cortex.c.obj
                0x08001430                HAL_NVIC_SetPriority
 .text.HAL_NVIC_EnableIRQ
                0x080014a0       0x1c CMakeFiles/Debug_Timer_Prints.elf.dir/Drivers/STM32F4xx_HAL_Driver/Src/stm32f4xx_hal_cortex.c.obj
                0x080014a0                HAL_NVIC_EnableIRQ
 .text.HAL_SYSTICK_Config
                0x080014bc       0x28 CMakeFiles/Debug_Timer_Prints.elf.dir/Drivers/STM32F4xx_HAL_Driver/Src/stm32f4xx_hal_cortex.c.obj
                0x080014bc                HAL_SYSTICK_Config
 .text.HAL_SYSTICK_Callback
                0x080014e4        0x2 CMakeFiles/Debug_Timer_Prints.elf.dir/Drivers/STM32F4xx_HAL_Driver/Src/stm32f4xx_hal_cortex.c.obj
                0x080014e4                HAL_SYSTICK_Callback
 .text.HAL_SYSTICK_IRQHandler
                0x080014e6        0x8 CMakeFiles/Debug_Timer_Prints.elf.dir/Drivers/STM32F4xx_HAL_Driver/Src/stm32f4xx_hal_cortex.c.obj
                0x080014e6                HAL_SYSTICK_IRQHandler
 .text.HAL_DMA_Abort
                0x080014ee       0x94 CMakeFiles/Debug_Timer_Prints.elf.dir/Drivers/STM32F4xx_HAL_Driver/Src/stm32f4xx_hal_dma.c.obj
                0x080014ee                HAL_DMA_Abort
 .text.HAL_DMA_Abort_IT
                0x08001582       0x26 CMakeFiles/Debug_Timer_Prints.elf.dir/Drivers/STM32F4xx_HAL_Driver/Src/stm32f4xx_hal_dma.c.obj
                0x08001582                HAL_DMA_Abort_IT
 .text.HAL_GPIO_Init
                0x080015a8      0x1e4 CMakeFiles/Debug_Timer_Prints.elf.dir/Drivers/STM32F4xx_HAL_Driver/Src/stm32f4xx_hal_gpio.c.obj
                0x080015a8                HAL_GPIO_Init
 .text.HAL_RCC_GetHCLKFreq
                0x0800178c        0xc CMakeFiles/Debug_Timer_Prints.elf.dir/Drivers/STM32F4xx_HAL_Driver/Src/stm32f4xx_hal_rcc.c.obj
                0x0800178c                HAL_RCC_GetHCLKFreq
 .text.HAL_RCC_GetPCLK1Freq
                0x08001798       0x20 CMakeFiles/Debug_Timer_Prints.elf.dir/Drivers/STM32F4xx_HAL_Driver/Src/stm32f4xx_hal_rcc.c.obj
                0x08001798                HAL_RCC_GetPCLK1Freq
 .text.HAL_RCC_GetPCLK2Freq
                0x080017b8       0x20 CMakeFiles/Debug_Timer_Prints.elf.dir/Drivers/STM32F4xx_HAL_Driver/Src/stm32f4xx_hal_rcc.c.obj
                0x080017b8                HAL_RCC_GetPCLK2Freq
 .text.HAL_TIM_Base_Start_IT
                0x080017d8       0x88 CMakeFiles/Debug_Timer_Prints.elf.dir/Drivers/STM32F4xx_HAL_Driver/Src/stm32f4xx_hal_tim.c.obj
                0x080017d8                HAL_TIM_Base_Start_IT
 .text.HAL_TIM_OC_DelayElapsedCallback
                0x08001860        0x2 CMakeFiles/Debug_Timer_Prints.elf.dir/Drivers/STM32F4xx_HAL_Driver/Src/stm32f4xx_hal_tim.c.obj
                0x08001860                HAL_TIM_OC_DelayElapsedCallback
 .text.HAL_TIM_IC_CaptureCallback
                0x08001862        0x2 CMakeFiles/Debug_Timer_Prints.elf.dir/Drivers/STM32F4xx_HAL_Driver/Src/stm32f4xx_hal_tim.c.obj
                0x08001862                HAL_TIM_IC_CaptureCallback
 .text.HAL_TIM_PWM_PulseFinishedCallback
                0x08001864        0x2 CMakeFiles/Debug_Timer_Prints.elf.dir/Drivers/STM32F4xx_HAL_Driver/Src/stm32f4xx_hal_tim.c.obj
                0x08001864                HAL_TIM_PWM_PulseFinishedCallback
 .text.HAL_TIM_TriggerCallback
                0x08001866        0x2 CMakeFiles/Debug_Timer_Prints.elf.dir/Drivers/STM32F4xx_HAL_Driver/Src/stm32f4xx_hal_tim.c.obj
                0x08001866                HAL_TIM_TriggerCallback
 .text.HAL_TIM_IRQHandler
                0x08001868      0x17a CMakeFiles/Debug_Timer_Prints.elf.dir/Drivers/STM32F4xx_HAL_Driver/Src/stm32f4xx_hal_tim.c.obj
                0x08001868                HAL_TIM_IRQHandler
 *fill*         0x080019e2        0x2 
 .text.TIM_Base_SetConfig
                0x080019e4       0xc8 CMakeFiles/Debug_Timer_Prints.elf.dir/Drivers/STM32F4xx_HAL_Driver/Src/stm32f4xx_hal_tim.c.obj
                0x080019e4                TIM_Base_SetConfig
 .text.HAL_TIM_Base_Init
                0x08001aac       0x58 CMakeFiles/Debug_Timer_Prints.elf.dir/Drivers/STM32F4xx_HAL_Driver/Src/stm32f4xx_hal_tim.c.obj
                0x08001aac                HAL_TIM_Base_Init
 .text.HAL_TIMEx_CommutCallback
                0x08001b04        0x2 CMakeFiles/Debug_Timer_Prints.elf.dir/Drivers/STM32F4xx_HAL_Driver/Src/stm32f4xx_hal_tim_ex.c.obj
                0x08001b04                HAL_TIMEx_CommutCallback
 .text.HAL_TIMEx_BreakCallback
                0x08001b06        0x2 CMakeFiles/Debug_Timer_Prints.elf.dir/Drivers/STM32F4xx_HAL_Driver/Src/stm32f4xx_hal_tim_ex.c.obj
                0x08001b06                HAL_TIMEx_BreakCallback
 .text.UART_EndRxTransfer
                0x08001b08       0x5c CMakeFiles/Debug_Timer_Prints.elf.dir/Drivers/STM32F4xx_HAL_Driver/Src/stm32f4xx_hal_uart.c.obj
 .text.UART_Transmit_IT
                0x08001b64       0x60 CMakeFiles/Debug_Timer_Prints.elf.dir/Drivers/STM32F4xx_HAL_Driver/Src/stm32f4xx_hal_uart.c.obj
 .text.UART_SetConfig
                0x08001bc4      0x110 CMakeFiles/Debug_Timer_Prints.elf.dir/Drivers/STM32F4xx_HAL_Driver/Src/stm32f4xx_hal_uart.c.obj
 .text.UART_WaitOnFlagUntilTimeout
                0x08001cd4       0x88 CMakeFiles/Debug_Timer_Prints.elf.dir/Drivers/STM32F4xx_HAL_Driver/Src/stm32f4xx_hal_uart.c.obj
 .text.HAL_UART_Init
                0x08001d5c       0x5e CMakeFiles/Debug_Timer_Prints.elf.dir/Drivers/STM32F4xx_HAL_Driver/Src/stm32f4xx_hal_uart.c.obj
                0x08001d5c                HAL_UART_Init
 .text.HAL_UART_Transmit
                0x08001dba       0xd8 CMakeFiles/Debug_Timer_Prints.elf.dir/Drivers/STM32F4xx_HAL_Driver/Src/stm32f4xx_hal_uart.c.obj
                0x08001dba                HAL_UART_Transmit
 .text.HAL_UART_TxCpltCallback
                0x08001e92        0x2 CMakeFiles/Debug_Timer_Prints.elf.dir/Drivers/STM32F4xx_HAL_Driver/Src/stm32f4xx_hal_uart.c.obj
                0x08001e92                HAL_UART_TxCpltCallback
 .text.UART_EndTransmit_IT
                0x08001e94       0x1a CMakeFiles/Debug_Timer_Prints.elf.dir/Drivers/STM32F4xx_HAL_Driver/Src/stm32f4xx_hal_uart.c.obj
 .text.HAL_UART_RxCpltCallback
                0x08001eae        0x2 CMakeFiles/Debug_Timer_Prints.elf.dir/Drivers/STM32F4xx_HAL_Driver/Src/stm32f4xx_hal_uart.c.obj
                0x08001eae                HAL_UART_RxCpltCallback
 .text.HAL_UART_ErrorCallback
                0x08001eb0        0x2 CMakeFiles/Debug_Timer_Prints.elf.dir/Drivers/STM32F4xx_HAL_Driver/Src/stm32f4xx_hal_uart.c.obj
                0x08001eb0                HAL_UART_ErrorCallback
 .text.UART_DMAAbortOnError
                0x08001eb2       0x10 CMakeFiles/Debug_Timer_Prints.elf.dir/Drivers/STM32F4xx_HAL_Driver/Src/stm32f4xx_hal_uart.c.obj
 .text.HAL_UARTEx_RxEventCallback
                0x08001ec2        0x2 CMakeFiles/Debug_Timer_Prints.elf.dir/Drivers/STM32F4xx_HAL_Driver/Src/stm32f4xx_hal_uart.c.obj
                0x08001ec2                HAL_UARTEx_RxEventCallback
 .text.UART_Receive_IT
                0x08001ec4       0xe2 CMakeFiles/Debug_Timer_Prints.elf.dir/Drivers/STM32F4xx_HAL_Driver/Src/stm32f4xx_hal_uart.c.obj
 *fill*         0x08001fa6        0x2 
 .text.HAL_UART_IRQHandler
                0x08001fa8      0x280 CMakeFiles/Debug_Timer_Prints.elf.dir/Drivers/STM32F4xx_HAL_Driver/Src/stm32f4xx_hal_uart.c.obj
                0x08001fa8                HAL_UART_IRQHandler
 .text.Error_handler
                0x08002228        0x2 CMakeFiles/Debug_Timer_Prints.elf.dir/Src/main.c.obj
                0x08002228                Error_handler
 *fill*         0x0800222a        0x2 
 .text.UART2_Init
                0x0800222c       0x30 CMakeFiles/Debug_Timer_Prints.elf.dir/Src/main.c.obj
                0x0800222c                UART2_Init
 .text.TIMER6_Init
                0x0800225c       0x7c CMakeFiles/Debug_Timer_Prints.elf.dir/Src/main.c.obj
                0x0800225c                TIMER6_Init
 .text.HAL_TIM_PeriodElapsedCallback
                0x080022d8       0x3c CMakeFiles/Debug_Timer_Prints.elf.dir/Src/main.c.obj
                0x080022d8                HAL_TIM_PeriodElapsedCallback
 .text.Print_MCU_Startup_Banner
                0x08002314       0x38 CMakeFiles/Debug_Timer_Prints.elf.dir/Src/main.c.obj
                0x08002314                Print_MCU_Startup_Banner
 .text.main     0x0800234c       0x24 CMakeFiles/Debug_Timer_Prints.elf.dir/Src/main.c.obj
                0x0800234c                main
 .text.HAL_MspInit
                0x08002370       0x3c CMakeFiles/Debug_Timer_Prints.elf.dir/Src/stm32f4xx_hal_msp.c.obj
                0x08002370                HAL_MspInit
 .text.HAL_UART_MspInit
                0x080023ac       0x74 CMakeFiles/Debug_Timer_Prints.elf.dir/Src/stm32f4xx_hal_msp.c.obj
                0x080023ac                HAL_UART_MspInit
 .text.HAL_TIM_Base_MspInit
                0x08002420       0x34 CMakeFiles/Debug_Timer_Prints.elf.dir/Src/stm32f4xx_hal_msp.c.obj
                0x08002420                HAL_TIM_Base_MspInit
 .text.SysTick_Handler
                0x08002454        0xc CMakeFiles/Debug_Timer_Prints.elf.dir/Src/stm32f4xx_it.c.obj
                0x08002454                SysTick_Handler
 .text.USART2_IRQHandler
                0x08002460       0x10 CMakeFiles/Debug_Timer_Prints.elf.dir/Src/stm32f4xx_it.c.obj
                0x08002460                USART2_IRQHandler
 .text.TIM6_DAC_IRQHandler
                0x08002470       0x10 CMakeFiles/Debug_Timer_Prints.elf.dir/Src/stm32f4xx_it.c.obj
                0x08002470                TIM6_DAC_IRQHandler
 .text._getpid  0x08002480        0x4 CMakeFiles/Debug_Timer_Prints.elf.dir/Src/syscalls.c.obj
                0x08002480                _getpid
 .text._kill    0x08002484       0x10 CMakeFiles/Debug_Timer_Prints.elf.dir/Src/syscalls.c.obj
                0x08002484                _kill
 .text._exit    0x08002494        0xc CMakeFiles/Debug_Timer_Prints.elf.dir/Src/syscalls.c.obj
                0x08002494                _exit
 .text._read    0x080024a0       0x20 CMakeFiles/Debug_Timer_Prints.elf.dir/Src/syscalls.c.obj
                0x080024a0                _read
 .text._write   0x080024c0       0x1c CMakeFiles/Debug_Timer_Prints.elf.dir/Src/syscalls.c.obj
                0x080024c0                _write
 .text._close   0x080024dc        0x6 CMakeFiles/Debug_Timer_Prints.elf.dir/Src/syscalls.c.obj
                0x080024dc                _close
 .text._fstat   0x080024e2        0xa CMakeFiles/Debug_Timer_Prints.elf.dir/Src/syscalls.c.obj
                0x080024e2                _fstat
 .text._isatty  0x080024ec        0x4 CMakeFiles/Debug_Timer_Prints.elf.dir/Src/syscalls.c.obj
                0x080024ec                _isatty
 .text._lseek   0x080024f0        0x4 CMakeFiles/Debug_Timer_Prints.elf.dir/Src/syscalls.c.obj
                0x080024f0                _lseek
 .text._sbrk    0x080024f4       0x48 CMakeFiles/Debug_Timer_Prints.elf.dir/Src/sysmem.c.obj
                0x080024f4                _sbrk
 .text.SystemInit
                0x0800253c        0x2 CMakeFiles/Debug_Timer_Prints.elf.dir/Src/system_stm32f4xx.c.obj
                0x0800253c                SystemInit
 *fill*         0x0800253e        0x2 
 .text.Reset_Handler
                0x08002540       0x50 CMakeFiles/Debug_Timer_Prints.elf.dir/Startup/startup_stm32f407vgtx.s.obj
                0x08002540                Reset_Handler
 .text.Default_Handler
                0x08002590        0x2 CMakeFiles/Debug_Timer_Prints.elf.dir/Startup/startup_stm32f407vgtx.s.obj
                0x08002590                RTC_Alarm_IRQHandler
                0x08002590                HASH_RNG_IRQHandler
                0x08002590                EXTI2_IRQHandler
                0x08002590                TIM8_CC_IRQHandler
                0x08002590                DebugMon_Handler
                0x08002590                TIM1_CC_IRQHandler
                0x08002590                DMA2_Stream5_IRQHandler
                0x08002590                HardFault_Handler
                0x08002590                DMA1_Stream5_IRQHandler
                0x08002590                PVD_IRQHandler
                0x08002590                SDIO_IRQHandler
                0x08002590                TAMP_STAMP_IRQHandler
                0x08002590                PendSV_Handler
                0x08002590                NMI_Handler
                0x08002590                CAN2_RX1_IRQHandler
                0x08002590                EXTI3_IRQHandler
                0x08002590                TIM8_TRG_COM_TIM14_IRQHandler
                0x08002590                TIM1_UP_TIM10_IRQHandler
                0x08002590                TIM8_UP_TIM13_IRQHandler
                0x08002590                I2C3_ER_IRQHandler
                0x08002590                EXTI0_IRQHandler
                0x08002590                I2C2_EV_IRQHandler
                0x08002590                DMA1_Stream2_IRQHandler
                0x08002590                CAN1_RX0_IRQHandler
                0x08002590                FPU_IRQHandler
                0x08002590                OTG_HS_WKUP_IRQHandler
                0x08002590                UsageFault_Handler
                0x08002590                CAN2_SCE_IRQHandler
                0x08002590                DMA2_Stream2_IRQHandler
                0x08002590                SPI1_IRQHandler
                0x08002590                TIM1_BRK_TIM9_IRQHandler
                0x08002590                DCMI_IRQHandler
                0x08002590                CAN2_RX0_IRQHandler
                0x08002590                DMA2_Stream3_IRQHandler
                0x08002590                USART6_IRQHandler
                0x08002590                USART3_IRQHandler
                0x08002590                CAN1_RX1_IRQHandler
                0x08002590                UART5_IRQHandler
                0x08002590                DMA2_Stream0_IRQHandler
                0x08002590                TIM4_IRQHandler
                0x08002590                I2C1_EV_IRQHandler
                0x08002590                DMA1_Stream6_IRQHandler
                0x08002590                DMA1_Stream1_IRQHandler
                0x08002590                UART4_IRQHandler
                0x08002590                TIM3_IRQHandler
                0x08002590                RCC_IRQHandler
                0x08002590                TIM8_BRK_TIM12_IRQHandler
                0x08002590                Default_Handler
                0x08002590                EXTI15_10_IRQHandler
                0x08002590                ADC_IRQHandler
                0x08002590                DMA1_Stream7_IRQHandler
                0x08002590                TIM7_IRQHandler
                0x08002590                CAN2_TX_IRQHandler
                0x08002590                TIM5_IRQHandler
                0x08002590                DMA2_Stream7_IRQHandler
                0x08002590                I2C3_EV_IRQHandler
                0x08002590                EXTI9_5_IRQHandler
                0x08002590                RTC_WKUP_IRQHandler
                0x08002590                ETH_WKUP_IRQHandler
                0x08002590                SPI2_IRQHandler
                0x08002590                OTG_HS_EP1_IN_IRQHandler
                0x08002590                MemManage_Handler
                0x08002590                DMA1_Stream0_IRQHandler
                0x08002590                CAN1_TX_IRQHandler
                0x08002590                SVC_Handler
                0x08002590                EXTI4_IRQHandler
                0x08002590                FSMC_IRQHandler
                0x08002590                ETH_IRQHandler
                0x08002590                OTG_HS_EP1_OUT_IRQHandler
                0x08002590                WWDG_IRQHandler
                0x08002590                TIM2_IRQHandler
                0x08002590                OTG_FS_WKUP_IRQHandler
                0x08002590                TIM1_TRG_COM_TIM11_IRQHandler
                0x08002590                OTG_HS_IRQHandler
                0x08002590                EXTI1_IRQHandler
                0x08002590                I2C2_ER_IRQHandler
                0x08002590                DMA2_Stream1_IRQHandler
                0x08002590                CAN1_SCE_IRQHandler
                0x08002590                FLASH_IRQHandler
                0x08002590                DMA2_Stream4_IRQHandler
                0x08002590                BusFault_Handler
                0x08002590                USART1_IRQHandler
                0x08002590                OTG_FS_IRQHandler
                0x08002590                SPI3_IRQHandler
                0x08002590                DMA1_Stream4_IRQHandler
                0x08002590                I2C1_ER_IRQHandler
                0x08002590                DMA2_Stream6_IRQHandler
                0x08002590                DMA1_Stream3_IRQHandler
 *fill*         0x08002592        0x2 
 .text.__errno  0x08002594        0xc c:/program files (x86)/gnu arm embedded toolchain/10 2021.10/bin/../lib/gcc/arm-none-eabi/10.3.1/../../../../arm-none-eabi/lib/thumb/v7e-m/nofp\libg.a(lib_a-errno.o)
                0x08002594                __errno
 .text.__libc_init_array
                0x080025a0       0x48 c:/program files (x86)/gnu arm embedded toolchain/10 2021.10/bin/../lib/gcc/arm-none-eabi/10.3.1/../../../../arm-none-eabi/lib/thumb/v7e-m/nofp\libg.a(lib_a-init.o)
                0x080025a0                __libc_init_array
 .text._malloc_r
                0x080025e8      0x560 c:/program files (x86)/gnu arm embedded toolchain/10 2021.10/bin/../lib/gcc/arm-none-eabi/10.3.1/../../../../arm-none-eabi/lib/thumb/v7e-m/nofp\libg.a(lib_a-mallocr.o)
                0x080025e8                _malloc_r
 .text.memset   0x08002b48       0xa4 c:/program files (x86)/gnu arm embedded toolchain/10 2021.10/bin/../lib/gcc/arm-none-eabi/10.3.1/../../../../arm-none-eabi/lib/thumb/v7e-m/nofp\libg.a(lib_a-memset.o)
                0x08002b48                memset
 .text.__malloc_lock
                0x08002bec        0xc c:/program files (x86)/gnu arm embedded toolchain/10 2021.10/bin/../lib/gcc/arm-none-eabi/10.3.1/../../../../arm-none-eabi/lib/thumb/v7e-m/nofp\libg.a(lib_a-mlock.o)
                0x08002bec                __malloc_lock
 .text.__malloc_unlock
                0x08002bf8        0xc c:/program files (x86)/gnu arm embedded toolchain/10 2021.10/bin/../lib/gcc/arm-none-eabi/10.3.1/../../../../arm-none-eabi/lib/thumb/v7e-m/nofp\libg.a(lib_a-mlock.o)
                0x08002bf8                __malloc_unlock
 .text._sbrk_r  0x08002c04       0x24 c:/program files (x86)/gnu arm embedded toolchain/10 2021.10/bin/../lib/gcc/arm-none-eabi/10.3.1/../../../../arm-none-eabi/lib/thumb/v7e-m/nofp\libg.a(lib_a-sbrkr.o)
                0x08002c04                _sbrk_r
 .text.sprintf  0x08002c28       0x40 c:/program files (x86)/gnu arm embedded toolchain/10 2021.10/bin/../lib/gcc/arm-none-eabi/10.3.1/../../../../arm-none-eabi/lib/thumb/v7e-m/nofp\libg.a(lib_a-sprintf.o)
                0x08002c28                sprintf
 .text._svfprintf_r
                0x08002c68     0x1a3c c:/program files (x86)/gnu arm embedded toolchain/10 2021.10/bin/../lib/gcc/arm-none-eabi/10.3.1/../../../../arm-none-eabi/lib/thumb/v7e-m/nofp\libg.a(lib_a-svfprintf.o)
                0x08002c68                _svfprintf_r
 .text.startup.register_fini
                0x080046a4       0x14 c:/program files (x86)/gnu arm embedded toolchain/10 2021.10/bin/../lib/gcc/arm-none-eabi/10.3.1/../../../../arm-none-eabi/lib/thumb/v7e-m/nofp\libg.a(lib_a-__call_atexit.o)
 .text.atexit   0x080046b8        0xc c:/program files (x86)/gnu arm embedded toolchain/10 2021.10/bin/../lib/gcc/arm-none-eabi/10.3.1/../../../../arm-none-eabi/lib/thumb/v7e-m/nofp\libg.a(lib_a-atexit.o)
                0x080046b8                atexit
 .text.quorem   0x080046c4      0x124 c:/program files (x86)/gnu arm embedded toolchain/10 2021.10/bin/../lib/gcc/arm-none-eabi/10.3.1/../../../../arm-none-eabi/lib/thumb/v7e-m/nofp\libg.a(lib_a-dtoa.o)
 .text._dtoa_r  0x080047e8      0xec4 c:/program files (x86)/gnu arm embedded toolchain/10 2021.10/bin/../lib/gcc/arm-none-eabi/10.3.1/../../../../arm-none-eabi/lib/thumb/v7e-m/nofp\libg.a(lib_a-dtoa.o)
                0x080047e8                _dtoa_r
 .text.__libc_fini_array
                0x080056ac       0x2c c:/program files (x86)/gnu arm embedded toolchain/10 2021.10/bin/../lib/gcc/arm-none-eabi/10.3.1/../../../../arm-none-eabi/lib/thumb/v7e-m/nofp\libg.a(lib_a-fini.o)
                0x080056ac                __libc_fini_array
 .text._malloc_trim_r
                0x080056d8       0xa0 c:/program files (x86)/gnu arm embedded toolchain/10 2021.10/bin/../lib/gcc/arm-none-eabi/10.3.1/../../../../arm-none-eabi/lib/thumb/v7e-m/nofp\libg.a(lib_a-freer.o)
                0x080056d8                _malloc_trim_r
 .text._free_r  0x08005778      0x20c c:/program files (x86)/gnu arm embedded toolchain/10 2021.10/bin/../lib/gcc/arm-none-eabi/10.3.1/../../../../arm-none-eabi/lib/thumb/v7e-m/nofp\libg.a(lib_a-freer.o)
                0x08005778                _free_r
 .text._localeconv_r
                0x08005984        0x8 c:/program files (x86)/gnu arm embedded toolchain/10 2021.10/bin/../lib/gcc/arm-none-eabi/10.3.1/../../../../arm-none-eabi/lib/thumb/v7e-m/nofp\libg.a(lib_a-localeconv.o)
                0x08005984                _localeconv_r
 .text.__retarget_lock_init_recursive
                0x0800598c        0x4 c:/program files (x86)/gnu arm embedded toolchain/10 2021.10/bin/../lib/gcc/arm-none-eabi/10.3.1/../../../../arm-none-eabi/lib/thumb/v7e-m/nofp\libg.a(lib_a-lock.o)
                0x0800598c                __retarget_lock_init_recursive
 .text.__retarget_lock_close_recursive
                0x08005990        0x4 c:/program files (x86)/gnu arm embedded toolchain/10 2021.10/bin/../lib/gcc/arm-none-eabi/10.3.1/../../../../arm-none-eabi/lib/thumb/v7e-m/nofp\libg.a(lib_a-lock.o)
                0x08005990                __retarget_lock_close_recursive
 .text.__retarget_lock_acquire_recursive
                0x08005994        0x4 c:/program files (x86)/gnu arm embedded toolchain/10 2021.10/bin/../lib/gcc/arm-none-eabi/10.3.1/../../../../arm-none-eabi/lib/thumb/v7e-m/nofp\libg.a(lib_a-lock.o)
                0x08005994                __retarget_lock_acquire_recursive
 .text.__retarget_lock_release_recursive
                0x08005998        0x4 c:/program files (x86)/gnu arm embedded toolchain/10 2021.10/bin/../lib/gcc/arm-none-eabi/10.3.1/../../../../arm-none-eabi/lib/thumb/v7e-m/nofp\libg.a(lib_a-lock.o)
                0x08005998                __retarget_lock_release_recursive
 .text._Balloc  0x0800599c       0x4c c:/program files (x86)/gnu arm embedded toolchain/10 2021.10/bin/../lib/gcc/arm-none-eabi/10.3.1/../../../../arm-none-eabi/lib/thumb/v7e-m/nofp\libg.a(lib_a-mprec.o)
                0x0800599c                _Balloc
 .text._Bfree   0x080059e8       0x14 c:/program files (x86)/gnu arm embedded toolchain/10 2021.10/bin/../lib/gcc/arm-none-eabi/10.3.1/../../../../arm-none-eabi/lib/thumb/v7e-m/nofp\libg.a(lib_a-mprec.o)
                0x080059e8                _Bfree
 .text.__multadd
                0x080059fc       0xa0 c:/program files (x86)/gnu arm embedded toolchain/10 2021.10/bin/../lib/gcc/arm-none-eabi/10.3.1/../../../../arm-none-eabi/lib/thumb/v7e-m/nofp\libg.a(lib_a-mprec.o)
                0x080059fc                __multadd
 .text.__hi0bits
                0x08005a9c       0x40 c:/program files (x86)/gnu arm embedded toolchain/10 2021.10/bin/../lib/gcc/arm-none-eabi/10.3.1/../../../../arm-none-eabi/lib/thumb/v7e-m/nofp\libg.a(lib_a-mprec.o)
                0x08005a9c                __hi0bits
 .text.__lo0bits
                0x08005adc       0x5c c:/program files (x86)/gnu arm embedded toolchain/10 2021.10/bin/../lib/gcc/arm-none-eabi/10.3.1/../../../../arm-none-eabi/lib/thumb/v7e-m/nofp\libg.a(lib_a-mprec.o)
                0x08005adc                __lo0bits
 .text.__i2b    0x08005b38       0x5c c:/program files (x86)/gnu arm embedded toolchain/10 2021.10/bin/../lib/gcc/arm-none-eabi/10.3.1/../../../../arm-none-eabi/lib/thumb/v7e-m/nofp\libg.a(lib_a-mprec.o)
                0x08005b38                __i2b
 .text.__multiply
                0x08005b94      0x15c c:/program files (x86)/gnu arm embedded toolchain/10 2021.10/bin/../lib/gcc/arm-none-eabi/10.3.1/../../../../arm-none-eabi/lib/thumb/v7e-m/nofp\libg.a(lib_a-mprec.o)
                0x08005b94                __multiply
 .text.__pow5mult
                0x08005cf0       0xc0 c:/program files (x86)/gnu arm embedded toolchain/10 2021.10/bin/../lib/gcc/arm-none-eabi/10.3.1/../../../../arm-none-eabi/lib/thumb/v7e-m/nofp\libg.a(lib_a-mprec.o)
                0x08005cf0                __pow5mult
 .text.__lshift
                0x08005db0       0xf0 c:/program files (x86)/gnu arm embedded toolchain/10 2021.10/bin/../lib/gcc/arm-none-eabi/10.3.1/../../../../arm-none-eabi/lib/thumb/v7e-m/nofp\libg.a(lib_a-mprec.o)
                0x08005db0                __lshift
 .text.__mcmp   0x08005ea0       0x40 c:/program files (x86)/gnu arm embedded toolchain/10 2021.10/bin/../lib/gcc/arm-none-eabi/10.3.1/../../../../arm-none-eabi/lib/thumb/v7e-m/nofp\libg.a(lib_a-mprec.o)
                0x08005ea0                __mcmp
 .text.__mdiff  0x08005ee0      0x14c c:/program files (x86)/gnu arm embedded toolchain/10 2021.10/bin/../lib/gcc/arm-none-eabi/10.3.1/../../../../arm-none-eabi/lib/thumb/v7e-m/nofp\libg.a(lib_a-mprec.o)
                0x08005ee0                __mdiff
 .text.__d2b    0x0800602c       0xc4 c:/program files (x86)/gnu arm embedded toolchain/10 2021.10/bin/../lib/gcc/arm-none-eabi/10.3.1/../../../../arm-none-eabi/lib/thumb/v7e-m/nofp\libg.a(lib_a-mprec.o)
                0x0800602c                __d2b
 .text.frexp    0x080060f0       0x70 c:/program files (x86)/gnu arm embedded toolchain/10 2021.10/bin/../lib/gcc/arm-none-eabi/10.3.1/../../../../arm-none-eabi/lib/thumb/v7e-m/nofp\libg.a(lib_a-s_frexp.o)
                0x080060f0                frexp
 .text.strncpy  0x08006160       0x64 c:/program files (x86)/gnu arm embedded toolchain/10 2021.10/bin/../lib/gcc/arm-none-eabi/10.3.1/../../../../arm-none-eabi/lib/thumb/v7e-m/nofp\libg.a(lib_a-strncpy.o)
                0x08006160                strncpy
 .text.__ssprint_r
                0x080061c4       0xf8 c:/program files (x86)/gnu arm embedded toolchain/10 2021.10/bin/../lib/gcc/arm-none-eabi/10.3.1/../../../../arm-none-eabi/lib/thumb/v7e-m/nofp\libg.a(lib_a-svfiprintf.o)
                0x080061c4                __ssprint_r
 .text.__register_exitproc
                0x080062bc       0x8c c:/program files (x86)/gnu arm embedded toolchain/10 2021.10/bin/../lib/gcc/arm-none-eabi/10.3.1/../../../../arm-none-eabi/lib/thumb/v7e-m/nofp\libg.a(lib_a-__atexit.o)
                0x080062bc                __register_exitproc
 .text.__assert_func
                0x08006348       0x40 c:/program files (x86)/gnu arm embedded toolchain/10 2021.10/bin/../lib/gcc/arm-none-eabi/10.3.1/../../../../arm-none-eabi/lib/thumb/v7e-m/nofp\libg.a(lib_a-assert.o)
                0x08006348                __assert_func
 .text._calloc_r
                0x08006388       0x78 c:/program files (x86)/gnu arm embedded toolchain/10 2021.10/bin/../lib/gcc/arm-none-eabi/10.3.1/../../../../arm-none-eabi/lib/thumb/v7e-m/nofp\libg.a(lib_a-callocr.o)
                0x08006388                _calloc_r
 .text.fiprintf
                0x08006400       0x28 c:/program files (x86)/gnu arm embedded toolchain/10 2021.10/bin/../lib/gcc/arm-none-eabi/10.3.1/../../../../arm-none-eabi/lib/thumb/v7e-m/nofp\libg.a(lib_a-fiprintf.o)
                0x08006400                fiprintf
 .text.__locale_mb_cur_max
                0x08006428        0xc c:/program files (x86)/gnu arm embedded toolchain/10 2021.10/bin/../lib/gcc/arm-none-eabi/10.3.1/../../../../arm-none-eabi/lib/thumb/v7e-m/nofp\libg.a(lib_a-locale.o)
                0x08006428                __locale_mb_cur_max
 .text.__ascii_mbtowc
                0x08006434       0x2c c:/program files (x86)/gnu arm embedded toolchain/10 2021.10/bin/../lib/gcc/arm-none-eabi/10.3.1/../../../../arm-none-eabi/lib/thumb/v7e-m/nofp\libg.a(lib_a-mbtowc_r.o)
                0x08006434                __ascii_mbtowc
 .text.memmove  0x08006460       0xf8 c:/program files (x86)/gnu arm embedded toolchain/10 2021.10/bin/../lib/gcc/arm-none-eabi/10.3.1/../../../../arm-none-eabi/lib/thumb/v7e-m/nofp\libg.a(lib_a-memmove.o)
                0x08006460                memmove
 .text._realloc_r
                0x08006558      0x3d8 c:/program files (x86)/gnu arm embedded toolchain/10 2021.10/bin/../lib/gcc/arm-none-eabi/10.3.1/../../../../arm-none-eabi/lib/thumb/v7e-m/nofp\libg.a(lib_a-reallocr.o)
                0x08006558                _realloc_r
 .text.__sprint_r.part.0
                0x08006930       0x78 c:/program files (x86)/gnu arm embedded toolchain/10 2021.10/bin/../lib/gcc/arm-none-eabi/10.3.1/../../../../arm-none-eabi/lib/thumb/v7e-m/nofp\libg.a(lib_a-vfiprintf.o)
 .text._vfiprintf_r
                0x080069a8      0xda0 c:/program files (x86)/gnu arm embedded toolchain/10 2021.10/bin/../lib/gcc/arm-none-eabi/10.3.1/../../../../arm-none-eabi/lib/thumb/v7e-m/nofp\libg.a(lib_a-vfiprintf.o)
                0x080069a8                _vfiprintf_r
 .text.__sbprintf
                0x08007748       0x80 c:/program files (x86)/gnu arm embedded toolchain/10 2021.10/bin/../lib/gcc/arm-none-eabi/10.3.1/../../../../arm-none-eabi/lib/thumb/v7e-m/nofp\libg.a(lib_a-vfiprintf.o)
 .text.__ascii_wctomb
                0x080077c8       0x1c c:/program files (x86)/gnu arm embedded toolchain/10 2021.10/bin/../lib/gcc/arm-none-eabi/10.3.1/../../../../arm-none-eabi/lib/thumb/v7e-m/nofp\libg.a(lib_a-wctomb_r.o)
                0x080077c8                __ascii_wctomb
 .text.__swsetup_r
                0x080077e4       0xd4 c:/program files (x86)/gnu arm embedded toolchain/10 2021.10/bin/../lib/gcc/arm-none-eabi/10.3.1/../../../../arm-none-eabi/lib/thumb/v7e-m/nofp\libg.a(lib_a-wsetup.o)
                0x080077e4                __swsetup_r
 .text.abort    0x080078b8       0x10 c:/program files (x86)/gnu arm embedded toolchain/10 2021.10/bin/../lib/gcc/arm-none-eabi/10.3.1/../../../../arm-none-eabi/lib/thumb/v7e-m/nofp\libg.a(lib_a-abort.o)
                0x080078b8                abort
 .text.__sflush_r
                0x080078c8      0x120 c:/program files (x86)/gnu arm embedded toolchain/10 2021.10/bin/../lib/gcc/arm-none-eabi/10.3.1/../../../../arm-none-eabi/lib/thumb/v7e-m/nofp\libg.a(lib_a-fflush.o)
                0x080078c8                __sflush_r
 .text._fflush_r
                0x080079e8       0x5c c:/program files (x86)/gnu arm embedded toolchain/10 2021.10/bin/../lib/gcc/arm-none-eabi/10.3.1/../../../../arm-none-eabi/lib/thumb/v7e-m/nofp\libg.a(lib_a-fflush.o)
                0x080079e8                _fflush_r
 .text._cleanup_r
                0x08007a44        0xc c:/program files (x86)/gnu arm embedded toolchain/10 2021.10/bin/../lib/gcc/arm-none-eabi/10.3.1/../../../../arm-none-eabi/lib/thumb/v7e-m/nofp\libg.a(lib_a-findfp.o)
                0x08007a44                _cleanup_r
 .text.__sinit  0x08007a50      0x10c c:/program files (x86)/gnu arm embedded toolchain/10 2021.10/bin/../lib/gcc/arm-none-eabi/10.3.1/../../../../arm-none-eabi/lib/thumb/v7e-m/nofp\libg.a(lib_a-findfp.o)
                0x08007a50                __sinit
 .text.__sfp_lock_acquire
                0x08007b5c        0xc c:/program files (x86)/gnu arm embedded toolchain/10 2021.10/bin/../lib/gcc/arm-none-eabi/10.3.1/../../../../arm-none-eabi/lib/thumb/v7e-m/nofp\libg.a(lib_a-findfp.o)
                0x08007b5c                __sfp_lock_acquire
 .text.__sfp_lock_release
                0x08007b68        0xc c:/program files (x86)/gnu arm embedded toolchain/10 2021.10/bin/../lib/gcc/arm-none-eabi/10.3.1/../../../../arm-none-eabi/lib/thumb/v7e-m/nofp\libg.a(lib_a-findfp.o)
                0x08007b68                __sfp_lock_release
 .text.__fputwc
                0x08007b74       0xa8 c:/program files (x86)/gnu arm embedded toolchain/10 2021.10/bin/../lib/gcc/arm-none-eabi/10.3.1/../../../../arm-none-eabi/lib/thumb/v7e-m/nofp\libg.a(lib_a-fputwc.o)
                0x08007b74                __fputwc
 .text._fputwc_r
                0x08007c1c       0x68 c:/program files (x86)/gnu arm embedded toolchain/10 2021.10/bin/../lib/gcc/arm-none-eabi/10.3.1/../../../../arm-none-eabi/lib/thumb/v7e-m/nofp\libg.a(lib_a-fputwc.o)
                0x08007c1c                _fputwc_r
 .text.__sfvwrite_r
                0x08007c84      0x2e8 c:/program files (x86)/gnu arm embedded toolchain/10 2021.10/bin/../lib/gcc/arm-none-eabi/10.3.1/../../../../arm-none-eabi/lib/thumb/v7e-m/nofp\libg.a(lib_a-fvwrite.o)
                0x08007c84                __sfvwrite_r
 .text._fwalk_reent
                0x08007f6c       0x48 c:/program files (x86)/gnu arm embedded toolchain/10 2021.10/bin/../lib/gcc/arm-none-eabi/10.3.1/../../../../arm-none-eabi/lib/thumb/v7e-m/nofp\libg.a(lib_a-fwalk.o)
                0x08007f6c                _fwalk_reent
 .text.__smakebuf_r
                0x08007fb4       0xe0 c:/program files (x86)/gnu arm embedded toolchain/10 2021.10/bin/../lib/gcc/arm-none-eabi/10.3.1/../../../../arm-none-eabi/lib/thumb/v7e-m/nofp\libg.a(lib_a-makebuf.o)
                0x08007fb4                __smakebuf_r
 .text.raise    0x08008094       0x5c c:/program files (x86)/gnu arm embedded toolchain/10 2021.10/bin/../lib/gcc/arm-none-eabi/10.3.1/../../../../arm-none-eabi/lib/thumb/v7e-m/nofp\libg.a(lib_a-signal.o)
                0x08008094                raise
 .text._kill_r  0x080080f0       0x2c c:/program files (x86)/gnu arm embedded toolchain/10 2021.10/bin/../lib/gcc/arm-none-eabi/10.3.1/../../../../arm-none-eabi/lib/thumb/v7e-m/nofp\libg.a(lib_a-signalr.o)
                0x080080f0                _kill_r
 .text._getpid_r
                0x0800811c        0x4 c:/program files (x86)/gnu arm embedded toolchain/10 2021.10/bin/../lib/gcc/arm-none-eabi/10.3.1/../../../../arm-none-eabi/lib/thumb/v7e-m/nofp\libg.a(lib_a-signalr.o)
                0x0800811c                _getpid_r
 .text.__sread  0x08008120       0x24 c:/program files (x86)/gnu arm embedded toolchain/10 2021.10/bin/../lib/gcc/arm-none-eabi/10.3.1/../../../../arm-none-eabi/lib/thumb/v7e-m/nofp\libg.a(lib_a-stdio.o)
                0x08008120                __sread
 .text.__swrite
                0x08008144       0x40 c:/program files (x86)/gnu arm embedded toolchain/10 2021.10/bin/../lib/gcc/arm-none-eabi/10.3.1/../../../../arm-none-eabi/lib/thumb/v7e-m/nofp\libg.a(lib_a-stdio.o)
                0x08008144                __swrite
 .text.__sseek  0x08008184       0x20 c:/program files (x86)/gnu arm embedded toolchain/10 2021.10/bin/../lib/gcc/arm-none-eabi/10.3.1/../../../../arm-none-eabi/lib/thumb/v7e-m/nofp\libg.a(lib_a-stdio.o)
                0x08008184                __sseek
 .text.__sclose
                0x080081a4        0x8 c:/program files (x86)/gnu arm embedded toolchain/10 2021.10/bin/../lib/gcc/arm-none-eabi/10.3.1/../../../../arm-none-eabi/lib/thumb/v7e-m/nofp\libg.a(lib_a-stdio.o)
                0x080081a4                __sclose
 .text.__swbuf_r
                0x080081ac       0xb0 c:/program files (x86)/gnu arm embedded toolchain/10 2021.10/bin/../lib/gcc/arm-none-eabi/10.3.1/../../../../arm-none-eabi/lib/thumb/v7e-m/nofp\libg.a(lib_a-wbuf.o)
                0x080081ac                __swbuf_r
 .text._wcrtomb_r
                0x0800825c       0x3c c:/program files (x86)/gnu arm embedded toolchain/10 2021.10/bin/../lib/gcc/arm-none-eabi/10.3.1/../../../../arm-none-eabi/lib/thumb/v7e-m/nofp\libg.a(lib_a-wcrtomb.o)
                0x0800825c                _wcrtomb_r
 .text._write_r
                0x08008298       0x2c c:/program files (x86)/gnu arm embedded toolchain/10 2021.10/bin/../lib/gcc/arm-none-eabi/10.3.1/../../../../arm-none-eabi/lib/thumb/v7e-m/nofp\libg.a(lib_a-writer.o)
                0x08008298                _write_r
 .text._close_r
                0x080082c4       0x24 c:/program files (x86)/gnu arm embedded toolchain/10 2021.10/bin/../lib/gcc/arm-none-eabi/10.3.1/../../../../arm-none-eabi/lib/thumb/v7e-m/nofp\libg.a(lib_a-closer.o)
                0x080082c4                _close_r
 .text._fclose_r
                0x080082e8       0xcc c:/program files (x86)/gnu arm embedded toolchain/10 2021.10/bin/../lib/gcc/arm-none-eabi/10.3.1/../../../../arm-none-eabi/lib/thumb/v7e-m/nofp\libg.a(lib_a-fclose.o)
                0x080082e8                _fclose_r
 .text._fstat_r
                0x080083b4       0x2c c:/program files (x86)/gnu arm embedded toolchain/10 2021.10/bin/../lib/gcc/arm-none-eabi/10.3.1/../../../../arm-none-eabi/lib/thumb/v7e-m/nofp\libg.a(lib_a-fstatr.o)
                0x080083b4                _fstat_r
 .text._isatty_r
                0x080083e0       0x24 c:/program files (x86)/gnu arm embedded toolchain/10 2021.10/bin/../lib/gcc/arm-none-eabi/10.3.1/../../../../arm-none-eabi/lib/thumb/v7e-m/nofp\libg.a(lib_a-isattyr.o)
                0x080083e0                _isatty_r
 .text._lseek_r
                0x08008404       0x2c c:/program files (x86)/gnu arm embedded toolchain/10 2021.10/bin/../lib/gcc/arm-none-eabi/10.3.1/../../../../arm-none-eabi/lib/thumb/v7e-m/nofp\libg.a(lib_a-lseekr.o)
                0x08008404                _lseek_r
 .text._read_r  0x08008430       0x2c c:/program files (x86)/gnu arm embedded toolchain/10 2021.10/bin/../lib/gcc/arm-none-eabi/10.3.1/../../../../arm-none-eabi/lib/thumb/v7e-m/nofp\libg.a(lib_a-readr.o)
                0x08008430                _read_r
 *(.glue_7)
 .glue_7        0x0800845c        0x0 linker stubs
 *(.glue_7t)
 .glue_7t       0x0800845c        0x0 linker stubs
 *(.eh_frame)
 .eh_frame      0x0800845c        0x0 c:/program files (x86)/gnu arm embedded toolchain/10 2021.10/bin/../lib/gcc/arm-none-eabi/10.3.1/thumb/v7e-m/nofp/crtbegin.o
 *(.init)
 .init          0x0800845c        0x4 c:/program files (x86)/gnu arm embedded toolchain/10 2021.10/bin/../lib/gcc/arm-none-eabi/10.3.1/thumb/v7e-m/nofp/crti.o
                0x0800845c                _init
 .init          0x08008460        0x8 c:/program files (x86)/gnu arm embedded toolchain/10 2021.10/bin/../lib/gcc/arm-none-eabi/10.3.1/thumb/v7e-m/nofp/crtn.o
 *(.fini)
 .fini          0x08008468        0x4 c:/program files (x86)/gnu arm embedded toolchain/10 2021.10/bin/../lib/gcc/arm-none-eabi/10.3.1/thumb/v7e-m/nofp/crti.o
                0x08008468                _fini
 .fini          0x0800846c        0x8 c:/program files (x86)/gnu arm embedded toolchain/10 2021.10/bin/../lib/gcc/arm-none-eabi/10.3.1/thumb/v7e-m/nofp/crtn.o
                0x08008474                . = ALIGN (0x4)
                0x08008474                _etext = .

.vfp11_veneer   0x08008474        0x0
 .vfp11_veneer  0x08008474        0x0 linker stubs

.v4_bx          0x08008474        0x0
 .v4_bx         0x08008474        0x0 linker stubs

.iplt           0x08008474        0x0
 .iplt          0x08008474        0x0 c:/program files (x86)/gnu arm embedded toolchain/10 2021.10/bin/../lib/gcc/arm-none-eabi/10.3.1/thumb/v7e-m/nofp/crtbegin.o

.rodata         0x08008478      0x4c8
                0x08008478                . = ALIGN (0x4)
 *(.rodata)
 .rodata        0x08008478       0xaf CMakeFiles/Debug_Timer_Prints.elf.dir/Src/main.c.obj
 *(.rodata*)
 *fill*         0x08008527        0x1 
 .rodata.HAL_TIM_PeriodElapsedCallback.str1.4
                0x08008528       0x13 CMakeFiles/Debug_Timer_Prints.elf.dir/Src/main.c.obj
 *fill*         0x0800853b        0x1 
 .rodata.APBPrescTable
                0x0800853c        0x8 CMakeFiles/Debug_Timer_Prints.elf.dir/Src/system_stm32f4xx.c.obj
                0x0800853c                APBPrescTable
 .rodata._global_impure_ptr
                0x08008544        0x4 c:/program files (x86)/gnu arm embedded toolchain/10 2021.10/bin/../lib/gcc/arm-none-eabi/10.3.1/../../../../arm-none-eabi/lib/thumb/v7e-m/nofp\libg.a(lib_a-impure.o)
                0x08008544                _global_impure_ptr
 .rodata._svfprintf_r.str1.4
                0x08008548       0x42 c:/program files (x86)/gnu arm embedded toolchain/10 2021.10/bin/../lib/gcc/arm-none-eabi/10.3.1/../../../../arm-none-eabi/lib/thumb/v7e-m/nofp\libg.a(lib_a-svfprintf.o)
 *fill*         0x0800858a        0x2 
 .rodata.blanks.1
                0x0800858c       0x10 c:/program files (x86)/gnu arm embedded toolchain/10 2021.10/bin/../lib/gcc/arm-none-eabi/10.3.1/../../../../arm-none-eabi/lib/thumb/v7e-m/nofp\libg.a(lib_a-svfprintf.o)
 .rodata.zeroes.0
                0x0800859c       0x10 c:/program files (x86)/gnu arm embedded toolchain/10 2021.10/bin/../lib/gcc/arm-none-eabi/10.3.1/../../../../arm-none-eabi/lib/thumb/v7e-m/nofp\libg.a(lib_a-svfprintf.o)
 .rodata._dtoa_r.str1.4
                0x080085ac       0xa2 c:/program files (x86)/gnu arm embedded toolchain/10 2021.10/bin/../lib/gcc/arm-none-eabi/10.3.1/../../../../arm-none-eabi/lib/thumb/v7e-m/nofp\libg.a(lib_a-dtoa.o)
                                 0xa6 (size before relaxing)
 *fill*         0x0800864e        0x2 
 .rodata.__multadd.str1.4
                0x08008650       0x7f c:/program files (x86)/gnu arm embedded toolchain/10 2021.10/bin/../lib/gcc/arm-none-eabi/10.3.1/../../../../arm-none-eabi/lib/thumb/v7e-m/nofp\libg.a(lib_a-mprec.o)
                                 0x93 (size before relaxing)
 *fill*         0x080086cf        0x1 
 .rodata.__mprec_bigtens
                0x080086d0       0x28 c:/program files (x86)/gnu arm embedded toolchain/10 2021.10/bin/../lib/gcc/arm-none-eabi/10.3.1/../../../../arm-none-eabi/lib/thumb/v7e-m/nofp\libg.a(lib_a-mprec.o)
                0x080086d0                __mprec_bigtens
 .rodata.__mprec_tens
                0x080086f8       0xc8 c:/program files (x86)/gnu arm embedded toolchain/10 2021.10/bin/../lib/gcc/arm-none-eabi/10.3.1/../../../../arm-none-eabi/lib/thumb/v7e-m/nofp\libg.a(lib_a-mprec.o)
                0x080086f8                __mprec_tens
 .rodata.p05.0  0x080087c0        0xc c:/program files (x86)/gnu arm embedded toolchain/10 2021.10/bin/../lib/gcc/arm-none-eabi/10.3.1/../../../../arm-none-eabi/lib/thumb/v7e-m/nofp\libg.a(lib_a-mprec.o)
 .rodata.__assert_func.str1.4
                0x080087cc       0x3f c:/program files (x86)/gnu arm embedded toolchain/10 2021.10/bin/../lib/gcc/arm-none-eabi/10.3.1/../../../../arm-none-eabi/lib/thumb/v7e-m/nofp\libg.a(lib_a-assert.o)
                                 0x43 (size before relaxing)
 *fill*         0x0800880b        0x1 
 .rodata._setlocale_r.str1.4
                0x0800880c        0xa c:/program files (x86)/gnu arm embedded toolchain/10 2021.10/bin/../lib/gcc/arm-none-eabi/10.3.1/../../../../arm-none-eabi/lib/thumb/v7e-m/nofp\libg.a(lib_a-locale.o)
                                  0xd (size before relaxing)
 *fill*         0x08008816        0x2 
 .rodata.str1.4
                0x08008818        0x2 c:/program files (x86)/gnu arm embedded toolchain/10 2021.10/bin/../lib/gcc/arm-none-eabi/10.3.1/../../../../arm-none-eabi/lib/thumb/v7e-m/nofp\libg.a(lib_a-locale.o)
 .rodata._vfiprintf_r.str1.4
                0x0800881a       0x2f c:/program files (x86)/gnu arm embedded toolchain/10 2021.10/bin/../lib/gcc/arm-none-eabi/10.3.1/../../../../arm-none-eabi/lib/thumb/v7e-m/nofp\libg.a(lib_a-vfiprintf.o)
 *fill*         0x0800881a        0x2 
 .rodata.blanks.1
                0x0800881c       0x10 c:/program files (x86)/gnu arm embedded toolchain/10 2021.10/bin/../lib/gcc/arm-none-eabi/10.3.1/../../../../arm-none-eabi/lib/thumb/v7e-m/nofp\libg.a(lib_a-vfiprintf.o)
 .rodata.zeroes.0
                0x0800882c       0x10 c:/program files (x86)/gnu arm embedded toolchain/10 2021.10/bin/../lib/gcc/arm-none-eabi/10.3.1/../../../../arm-none-eabi/lib/thumb/v7e-m/nofp\libg.a(lib_a-vfiprintf.o)
 .rodata._ctype_
                0x0800883c      0x101 c:/program files (x86)/gnu arm embedded toolchain/10 2021.10/bin/../lib/gcc/arm-none-eabi/10.3.1/../../../../arm-none-eabi/lib/thumb/v7e-m/nofp\libg.a(lib_a-ctype_.o)
                0x0800883c                _ctype_
                0x08008940                . = ALIGN (0x4)
 *fill*         0x0800893d        0x3 

.ARM.extab      0x08008940        0x0
                0x08008940                . = ALIGN (0x4)
 *(.ARM.extab* .gnu.linkonce.armextab.*)
                0x08008940                . = ALIGN (0x4)

.ARM            0x08008940        0x8
                0x08008940                . = ALIGN (0x4)
                0x08008940                __exidx_start = .
 *(.ARM.exidx*)
 .ARM.exidx     0x08008940        0x8 c:/program files (x86)/gnu arm embedded toolchain/10 2021.10/bin/../lib/gcc/arm-none-eabi/10.3.1/thumb/v7e-m/nofp\libgcc.a(_udivmoddi4.o)
                0x08008948                __exidx_end = .
                0x08008948                . = ALIGN (0x4)

.rel.dyn        0x08008948        0x0
 .rel.iplt      0x08008948        0x0 c:/program files (x86)/gnu arm embedded toolchain/10 2021.10/bin/../lib/gcc/arm-none-eabi/10.3.1/thumb/v7e-m/nofp/crtbegin.o

.preinit_array  0x08008948        0x0
                0x08008948                . = ALIGN (0x4)
                0x08008948                PROVIDE (__preinit_array_start = .)
 *(.preinit_array*)
                0x08008948                PROVIDE (__preinit_array_end = .)
                0x08008948                . = ALIGN (0x4)

.init_array     0x08008948        0x8
                0x08008948                . = ALIGN (0x4)
                0x08008948                PROVIDE (__init_array_start = .)
 *(SORT_BY_NAME(.init_array.*))
 .init_array.00000
                0x08008948        0x4 c:/program files (x86)/gnu arm embedded toolchain/10 2021.10/bin/../lib/gcc/arm-none-eabi/10.3.1/../../../../arm-none-eabi/lib/thumb/v7e-m/nofp\libg.a(lib_a-__call_atexit.o)
 *(.init_array*)
 .init_array    0x0800894c        0x4 c:/program files (x86)/gnu arm embedded toolchain/10 2021.10/bin/../lib/gcc/arm-none-eabi/10.3.1/thumb/v7e-m/nofp/crtbegin.o
                0x08008950                PROVIDE (__init_array_end = .)
                0x08008950                . = ALIGN (0x4)

.fini_array     0x08008950        0x4
                0x08008950                . = ALIGN (0x4)
                0x08008950                PROVIDE (__fini_array_start = .)
 *(SORT_BY_NAME(.fini_array.*))
 *(.fini_array*)
 .fini_array    0x08008950        0x4 c:/program files (x86)/gnu arm embedded toolchain/10 2021.10/bin/../lib/gcc/arm-none-eabi/10.3.1/thumb/v7e-m/nofp/crtbegin.o
                0x08008954                PROVIDE (__fini_array_end = .)
                0x08008954                . = ALIGN (0x4)
                0x08008954                _sidata = LOADADDR (.data)

.data           0x20000000      0x9b8 load address 0x08008954
                0x20000000                . = ALIGN (0x4)
                0x20000000                _sdata = .
 *(.data)
 *(.data*)
 .data.uwTickFreq
                0x20000000        0x1 CMakeFiles/Debug_Timer_Prints.elf.dir/Drivers/STM32F4xx_HAL_Driver/Src/stm32f4xx_hal.c.obj
                0x20000000                uwTickFreq
 *fill*         0x20000001        0x3 
 .data.uwTickPrio
                0x20000004        0x4 CMakeFiles/Debug_Timer_Prints.elf.dir/Drivers/STM32F4xx_HAL_Driver/Src/stm32f4xx_hal.c.obj
                0x20000004                uwTickPrio
 .data.SystemCoreClock
                0x20000008        0x4 CMakeFiles/Debug_Timer_Prints.elf.dir/Src/system_stm32f4xx.c.obj
                0x20000008                SystemCoreClock
 .data._impure_ptr
                0x2000000c        0x4 c:/program files (x86)/gnu arm embedded toolchain/10 2021.10/bin/../lib/gcc/arm-none-eabi/10.3.1/../../../../arm-none-eabi/lib/thumb/v7e-m/nofp\libg.a(lib_a-impure.o)
                0x2000000c                _impure_ptr
 .data.impure_data
                0x20000010      0x428 c:/program files (x86)/gnu arm embedded toolchain/10 2021.10/bin/../lib/gcc/arm-none-eabi/10.3.1/../../../../arm-none-eabi/lib/thumb/v7e-m/nofp\libg.a(lib_a-impure.o)
 .data.__malloc_av_
                0x20000438      0x408 c:/program files (x86)/gnu arm embedded toolchain/10 2021.10/bin/../lib/gcc/arm-none-eabi/10.3.1/../../../../arm-none-eabi/lib/thumb/v7e-m/nofp\libg.a(lib_a-mallocr.o)
                0x20000438                __malloc_av_
 .data.__malloc_sbrk_base
                0x20000840        0x4 c:/program files (x86)/gnu arm embedded toolchain/10 2021.10/bin/../lib/gcc/arm-none-eabi/10.3.1/../../../../arm-none-eabi/lib/thumb/v7e-m/nofp\libg.a(lib_a-mallocr.o)
                0x20000840                __malloc_sbrk_base
 .data.__malloc_trim_threshold
                0x20000844        0x4 c:/program files (x86)/gnu arm embedded toolchain/10 2021.10/bin/../lib/gcc/arm-none-eabi/10.3.1/../../../../arm-none-eabi/lib/thumb/v7e-m/nofp\libg.a(lib_a-mallocr.o)
                0x20000844                __malloc_trim_threshold
 .data.__atexit_recursive_mutex
                0x20000848        0x4 c:/program files (x86)/gnu arm embedded toolchain/10 2021.10/bin/../lib/gcc/arm-none-eabi/10.3.1/../../../../arm-none-eabi/lib/thumb/v7e-m/nofp\libg.a(lib_a-__call_atexit.o)
                0x20000848                __atexit_recursive_mutex
 .data.__global_locale
                0x2000084c      0x16c c:/program files (x86)/gnu arm embedded toolchain/10 2021.10/bin/../lib/gcc/arm-none-eabi/10.3.1/../../../../arm-none-eabi/lib/thumb/v7e-m/nofp\libg.a(lib_a-locale.o)
                0x2000084c                __global_locale
 *(.RamFunc)
 *(.RamFunc*)
                0x200009b8                . = ALIGN (0x4)
                0x200009b8                _edata = .
                0x0800930c                _siccmram = LOADADDR (.ccmram)

.igot.plt       0x200009b8        0x0 load address 0x0800930c
 .igot.plt      0x200009b8        0x0 c:/program files (x86)/gnu arm embedded toolchain/10 2021.10/bin/../lib/gcc/arm-none-eabi/10.3.1/thumb/v7e-m/nofp/crtbegin.o

.ccmram         0x10000000        0x0 load address 0x0800930c
                0x10000000                . = ALIGN (0x4)
                0x10000000                _sccmram = .
 *(.ccmram)
 *(.ccmram*)
                0x10000000                . = ALIGN (0x4)
                0x10000000                _eccmram = .
                0x10000000                . = ALIGN (0x4)

.bss            0x200009b8      0x130
                0x200009b8                _sbss = .
                0x200009b8                __bss_start__ = _sbss
 *(.bss)
 .bss           0x200009b8       0x1c c:/program files (x86)/gnu arm embedded toolchain/10 2021.10/bin/../lib/gcc/arm-none-eabi/10.3.1/thumb/v7e-m/nofp/crtbegin.o
 *(.bss*)
 .bss.uwTick    0x200009d4        0x4 CMakeFiles/Debug_Timer_Prints.elf.dir/Drivers/STM32F4xx_HAL_Driver/Src/stm32f4xx_hal.c.obj
                0x200009d4                uwTick
 .bss.hTimer6   0x200009d8       0x48 CMakeFiles/Debug_Timer_Prints.elf.dir/Src/main.c.obj
                0x200009d8                hTimer6
 .bss.huart2    0x20000a20       0x44 CMakeFiles/Debug_Timer_Prints.elf.dir/Src/main.c.obj
                0x20000a20                huart2
 .bss.msg       0x20000a64       0x32 CMakeFiles/Debug_Timer_Prints.elf.dir/Src/main.c.obj
                0x20000a64                msg
 *fill*         0x20000a96        0x2 
 .bss.secondCount
                0x20000a98        0x4 CMakeFiles/Debug_Timer_Prints.elf.dir/Src/main.c.obj
                0x20000a98                secondCount
 .bss.__sbrk_heap_end
                0x20000a9c        0x4 CMakeFiles/Debug_Timer_Prints.elf.dir/Src/sysmem.c.obj
 .bss.__malloc_current_mallinfo
                0x20000aa0       0x28 c:/program files (x86)/gnu arm embedded toolchain/10 2021.10/bin/../lib/gcc/arm-none-eabi/10.3.1/../../../../arm-none-eabi/lib/thumb/v7e-m/nofp\libg.a(lib_a-mallocr.o)
                0x20000aa0                __malloc_current_mallinfo
 .bss.__malloc_max_sbrked_mem
                0x20000ac8        0x4 c:/program files (x86)/gnu arm embedded toolchain/10 2021.10/bin/../lib/gcc/arm-none-eabi/10.3.1/../../../../arm-none-eabi/lib/thumb/v7e-m/nofp\libg.a(lib_a-mallocr.o)
                0x20000ac8                __malloc_max_sbrked_mem
 .bss.__malloc_max_total_mem
                0x20000acc        0x4 c:/program files (x86)/gnu arm embedded toolchain/10 2021.10/bin/../lib/gcc/arm-none-eabi/10.3.1/../../../../arm-none-eabi/lib/thumb/v7e-m/nofp\libg.a(lib_a-mallocr.o)
                0x20000acc                __malloc_max_total_mem
 .bss.__malloc_top_pad
                0x20000ad0        0x4 c:/program files (x86)/gnu arm embedded toolchain/10 2021.10/bin/../lib/gcc/arm-none-eabi/10.3.1/../../../../arm-none-eabi/lib/thumb/v7e-m/nofp\libg.a(lib_a-mallocr.o)
                0x20000ad0                __malloc_top_pad
 .bss.__lock___atexit_recursive_mutex
                0x20000ad4        0x1 c:/program files (x86)/gnu arm embedded toolchain/10 2021.10/bin/../lib/gcc/arm-none-eabi/10.3.1/../../../../arm-none-eabi/lib/thumb/v7e-m/nofp\libg.a(lib_a-lock.o)
                0x20000ad4                __lock___atexit_recursive_mutex
 *fill*         0x20000ad5        0x3 
 .bss.__lock___malloc_recursive_mutex
                0x20000ad8        0x1 c:/program files (x86)/gnu arm embedded toolchain/10 2021.10/bin/../lib/gcc/arm-none-eabi/10.3.1/../../../../arm-none-eabi/lib/thumb/v7e-m/nofp\libg.a(lib_a-lock.o)
                0x20000ad8                __lock___malloc_recursive_mutex
 *fill*         0x20000ad9        0x3 
 .bss.__lock___sfp_recursive_mutex
                0x20000adc        0x1 c:/program files (x86)/gnu arm embedded toolchain/10 2021.10/bin/../lib/gcc/arm-none-eabi/10.3.1/../../../../arm-none-eabi/lib/thumb/v7e-m/nofp\libg.a(lib_a-lock.o)
                0x20000adc                __lock___sfp_recursive_mutex
 *fill*         0x20000add        0x3 
 .bss.__lock___sinit_recursive_mutex
                0x20000ae0        0x1 c:/program files (x86)/gnu arm embedded toolchain/10 2021.10/bin/../lib/gcc/arm-none-eabi/10.3.1/../../../../arm-none-eabi/lib/thumb/v7e-m/nofp\libg.a(lib_a-lock.o)
                0x20000ae0                __lock___sinit_recursive_mutex
 *fill*         0x20000ae1        0x3 
 .bss.errno     0x20000ae4        0x4 c:/program files (x86)/gnu arm embedded toolchain/10 2021.10/bin/../lib/gcc/arm-none-eabi/10.3.1/../../../../arm-none-eabi/lib/thumb/v7e-m/nofp\libg.a(lib_a-reent.o)
                0x20000ae4                errno
 *(COMMON)
                0x20000ae8                . = ALIGN (0x4)
                0x20000ae8                _ebss = .
                0x20000ae8                __bss_end__ = _ebss

._user_heap_stack
                0x20000ae8      0x600
                0x20000ae8                . = ALIGN (0x8)
                [!provide]                PROVIDE (end = .)
                0x20000ae8                PROVIDE (_end = .)
                0x20000ce8                . = (. + _Min_Heap_Size)
 *fill*         0x20000ae8      0x200 
                0x200010e8                . = (. + _Min_Stack_Size)
 *fill*         0x20000ce8      0x400 
                0x200010e8                . = ALIGN (0x8)

/DISCARD/
 libc.a(*)
 libm.a(*)
 libgcc.a(*)

.ARM.attributes
                0x00000000       0x2a
 *(.ARM.attributes)
 .ARM.attributes
                0x00000000       0x1e c:/program files (x86)/gnu arm embedded toolchain/10 2021.10/bin/../lib/gcc/arm-none-eabi/10.3.1/thumb/v7e-m/nofp/crti.o
 .ARM.attributes
                0x0000001e       0x2e c:/program files (x86)/gnu arm embedded toolchain/10 2021.10/bin/../lib/gcc/arm-none-eabi/10.3.1/thumb/v7e-m/nofp/crtbegin.o
 .ARM.attributes
                0x0000004c       0x2e CMakeFiles/Debug_Timer_Prints.elf.dir/Drivers/STM32F4xx_HAL_Driver/Src/stm32f4xx_hal.c.obj
 .ARM.attributes
                0x0000007a       0x2e CMakeFiles/Debug_Timer_Prints.elf.dir/Drivers/STM32F4xx_HAL_Driver/Src/stm32f4xx_hal_cortex.c.obj
 .ARM.attributes
                0x000000a8       0x2e CMakeFiles/Debug_Timer_Prints.elf.dir/Drivers/STM32F4xx_HAL_Driver/Src/stm32f4xx_hal_dma.c.obj
 .ARM.attributes
                0x000000d6       0x2e CMakeFiles/Debug_Timer_Prints.elf.dir/Drivers/STM32F4xx_HAL_Driver/Src/stm32f4xx_hal_gpio.c.obj
 .ARM.attributes
                0x00000104       0x2e CMakeFiles/Debug_Timer_Prints.elf.dir/Drivers/STM32F4xx_HAL_Driver/Src/stm32f4xx_hal_rcc.c.obj
 .ARM.attributes
                0x00000132       0x2e CMakeFiles/Debug_Timer_Prints.elf.dir/Drivers/STM32F4xx_HAL_Driver/Src/stm32f4xx_hal_tim.c.obj
 .ARM.attributes
                0x00000160       0x2e CMakeFiles/Debug_Timer_Prints.elf.dir/Drivers/STM32F4xx_HAL_Driver/Src/stm32f4xx_hal_tim_ex.c.obj
 .ARM.attributes
                0x0000018e       0x2e CMakeFiles/Debug_Timer_Prints.elf.dir/Drivers/STM32F4xx_HAL_Driver/Src/stm32f4xx_hal_uart.c.obj
 .ARM.attributes
                0x000001bc       0x2e CMakeFiles/Debug_Timer_Prints.elf.dir/Src/main.c.obj
 .ARM.attributes
                0x000001ea       0x2e CMakeFiles/Debug_Timer_Prints.elf.dir/Src/stm32f4xx_hal_msp.c.obj
 .ARM.attributes
                0x00000218       0x2e CMakeFiles/Debug_Timer_Prints.elf.dir/Src/stm32f4xx_it.c.obj
 .ARM.attributes
                0x00000246       0x2e CMakeFiles/Debug_Timer_Prints.elf.dir/Src/syscalls.c.obj
 .ARM.attributes
                0x00000274       0x2e CMakeFiles/Debug_Timer_Prints.elf.dir/Src/sysmem.c.obj
 .ARM.attributes
                0x000002a2       0x2e CMakeFiles/Debug_Timer_Prints.elf.dir/Src/system_stm32f4xx.c.obj
 .ARM.attributes
                0x000002d0       0x21 CMakeFiles/Debug_Timer_Prints.elf.dir/Startup/startup_stm32f407vgtx.s.obj
 .ARM.attributes
                0x000002f1       0x1e c:/program files (x86)/gnu arm embedded toolchain/10 2021.10/bin/../lib/gcc/arm-none-eabi/10.3.1/thumb/v7e-m/nofp\libgcc.a(_arm_addsubdf3.o)
 .ARM.attributes
                0x0000030f       0x1e c:/program files (x86)/gnu arm embedded toolchain/10 2021.10/bin/../lib/gcc/arm-none-eabi/10.3.1/thumb/v7e-m/nofp\libgcc.a(_arm_muldivdf3.o)
 .ARM.attributes
                0x0000032d       0x1e c:/program files (x86)/gnu arm embedded toolchain/10 2021.10/bin/../lib/gcc/arm-none-eabi/10.3.1/thumb/v7e-m/nofp\libgcc.a(_arm_fixunsdfsi.o)
 .ARM.attributes
                0x0000034b       0x1e c:/program files (x86)/gnu arm embedded toolchain/10 2021.10/bin/../lib/gcc/arm-none-eabi/10.3.1/thumb/v7e-m/nofp\libgcc.a(_arm_addsubsf3.o)
 .ARM.attributes
                0x00000369       0x1e c:/program files (x86)/gnu arm embedded toolchain/10 2021.10/bin/../lib/gcc/arm-none-eabi/10.3.1/thumb/v7e-m/nofp\libgcc.a(_aeabi_uldivmod.o)
 .ARM.attributes
                0x00000387       0x2e c:/program files (x86)/gnu arm embedded toolchain/10 2021.10/bin/../lib/gcc/arm-none-eabi/10.3.1/thumb/v7e-m/nofp\libgcc.a(_udivmoddi4.o)
 .ARM.attributes
                0x000003b5       0x1e c:/program files (x86)/gnu arm embedded toolchain/10 2021.10/bin/../lib/gcc/arm-none-eabi/10.3.1/thumb/v7e-m/nofp\libgcc.a(_dvmd_tls.o)
 .ARM.attributes
                0x000003d3       0x2e c:/program files (x86)/gnu arm embedded toolchain/10 2021.10/bin/../lib/gcc/arm-none-eabi/10.3.1/../../../../arm-none-eabi/lib/thumb/v7e-m/nofp\libg.a(lib_a-errno.o)
 .ARM.attributes
                0x00000401       0x2e c:/program files (x86)/gnu arm embedded toolchain/10 2021.10/bin/../lib/gcc/arm-none-eabi/10.3.1/../../../../arm-none-eabi/lib/thumb/v7e-m/nofp\libg.a(lib_a-impure.o)
 .ARM.attributes
                0x0000042f       0x2e c:/program files (x86)/gnu arm embedded toolchain/10 2021.10/bin/../lib/gcc/arm-none-eabi/10.3.1/../../../../arm-none-eabi/lib/thumb/v7e-m/nofp\libg.a(lib_a-init.o)
 .ARM.attributes
                0x0000045d       0x2e c:/program files (x86)/gnu arm embedded toolchain/10 2021.10/bin/../lib/gcc/arm-none-eabi/10.3.1/../../../../arm-none-eabi/lib/thumb/v7e-m/nofp\libg.a(lib_a-mallocr.o)
 .ARM.attributes
                0x0000048b       0x1c c:/program files (x86)/gnu arm embedded toolchain/10 2021.10/bin/../lib/gcc/arm-none-eabi/10.3.1/../../../../arm-none-eabi/lib/thumb/v7e-m/nofp\libg.a(lib_a-memcpy.o)
 .ARM.attributes
                0x000004a7       0x2e c:/program files (x86)/gnu arm embedded toolchain/10 2021.10/bin/../lib/gcc/arm-none-eabi/10.3.1/../../../../arm-none-eabi/lib/thumb/v7e-m/nofp\libg.a(lib_a-memset.o)
 .ARM.attributes
                0x000004d5       0x2e c:/program files (x86)/gnu arm embedded toolchain/10 2021.10/bin/../lib/gcc/arm-none-eabi/10.3.1/../../../../arm-none-eabi/lib/thumb/v7e-m/nofp\libg.a(lib_a-mlock.o)
 .ARM.attributes
                0x00000503       0x2e c:/program files (x86)/gnu arm embedded toolchain/10 2021.10/bin/../lib/gcc/arm-none-eabi/10.3.1/../../../../arm-none-eabi/lib/thumb/v7e-m/nofp\libg.a(lib_a-sbrkr.o)
 .ARM.attributes
                0x00000531       0x2e c:/program files (x86)/gnu arm embedded toolchain/10 2021.10/bin/../lib/gcc/arm-none-eabi/10.3.1/../../../../arm-none-eabi/lib/thumb/v7e-m/nofp\libg.a(lib_a-sprintf.o)
 .ARM.attributes
                0x0000055f       0x2e c:/program files (x86)/gnu arm embedded toolchain/10 2021.10/bin/../lib/gcc/arm-none-eabi/10.3.1/../../../../arm-none-eabi/lib/thumb/v7e-m/nofp\libg.a(lib_a-svfprintf.o)
 .ARM.attributes
                0x0000058d       0x2e c:/program files (x86)/gnu arm embedded toolchain/10 2021.10/bin/../lib/gcc/arm-none-eabi/10.3.1/../../../../arm-none-eabi/lib/thumb/v7e-m/nofp\libg.a(lib_a-__call_atexit.o)
 .ARM.attributes
                0x000005bb       0x2e c:/program files (x86)/gnu arm embedded toolchain/10 2021.10/bin/../lib/gcc/arm-none-eabi/10.3.1/../../../../arm-none-eabi/lib/thumb/v7e-m/nofp\libg.a(lib_a-atexit.o)
 .ARM.attributes
                0x000005e9       0x2e c:/program files (x86)/gnu arm embedded toolchain/10 2021.10/bin/../lib/gcc/arm-none-eabi/10.3.1/../../../../arm-none-eabi/lib/thumb/v7e-m/nofp\libg.a(lib_a-dtoa.o)
 .ARM.attributes
                0x00000617       0x2e c:/program files (x86)/gnu arm embedded toolchain/10 2021.10/bin/../lib/gcc/arm-none-eabi/10.3.1/../../../../arm-none-eabi/lib/thumb/v7e-m/nofp\libg.a(lib_a-fini.o)
 .ARM.attributes
                0x00000645       0x2e c:/program files (x86)/gnu arm embedded toolchain/10 2021.10/bin/../lib/gcc/arm-none-eabi/10.3.1/../../../../arm-none-eabi/lib/thumb/v7e-m/nofp\libg.a(lib_a-freer.o)
 .ARM.attributes
                0x00000673       0x2e c:/program files (x86)/gnu arm embedded toolchain/10 2021.10/bin/../lib/gcc/arm-none-eabi/10.3.1/../../../../arm-none-eabi/lib/thumb/v7e-m/nofp\libg.a(lib_a-localeconv.o)
 .ARM.attributes
                0x000006a1       0x2e c:/program files (x86)/gnu arm embedded toolchain/10 2021.10/bin/../lib/gcc/arm-none-eabi/10.3.1/../../../../arm-none-eabi/lib/thumb/v7e-m/nofp\libg.a(lib_a-lock.o)
 .ARM.attributes
                0x000006cf       0x1c c:/program files (x86)/gnu arm embedded toolchain/10 2021.10/bin/../lib/gcc/arm-none-eabi/10.3.1/../../../../arm-none-eabi/lib/thumb/v7e-m/nofp\libg.a(lib_a-memchr.o)
 .ARM.attributes
                0x000006eb       0x2e c:/program files (x86)/gnu arm embedded toolchain/10 2021.10/bin/../lib/gcc/arm-none-eabi/10.3.1/../../../../arm-none-eabi/lib/thumb/v7e-m/nofp\libg.a(lib_a-mprec.o)
 .ARM.attributes
                0x00000719       0x2e c:/program files (x86)/gnu arm embedded toolchain/10 2021.10/bin/../lib/gcc/arm-none-eabi/10.3.1/../../../../arm-none-eabi/lib/thumb/v7e-m/nofp\libg.a(lib_a-reent.o)
 .ARM.attributes
                0x00000747       0x2e c:/program files (x86)/gnu arm embedded toolchain/10 2021.10/bin/../lib/gcc/arm-none-eabi/10.3.1/../../../../arm-none-eabi/lib/thumb/v7e-m/nofp\libg.a(lib_a-s_frexp.o)
 .ARM.attributes
                0x00000775       0x1c c:/program files (x86)/gnu arm embedded toolchain/10 2021.10/bin/../lib/gcc/arm-none-eabi/10.3.1/../../../../arm-none-eabi/lib/thumb/v7e-m/nofp\libg.a(lib_a-strlen.o)
 .ARM.attributes
                0x00000791       0x2e c:/program files (x86)/gnu arm embedded toolchain/10 2021.10/bin/../lib/gcc/arm-none-eabi/10.3.1/../../../../arm-none-eabi/lib/thumb/v7e-m/nofp\libg.a(lib_a-strncpy.o)
 .ARM.attributes
                0x000007bf       0x2e c:/program files (x86)/gnu arm embedded toolchain/10 2021.10/bin/../lib/gcc/arm-none-eabi/10.3.1/../../../../arm-none-eabi/lib/thumb/v7e-m/nofp\libg.a(lib_a-svfiprintf.o)
 .ARM.attributes
                0x000007ed       0x2e c:/program files (x86)/gnu arm embedded toolchain/10 2021.10/bin/../lib/gcc/arm-none-eabi/10.3.1/../../../../arm-none-eabi/lib/thumb/v7e-m/nofp\libg.a(lib_a-__atexit.o)
 .ARM.attributes
                0x0000081b       0x2e c:/program files (x86)/gnu arm embedded toolchain/10 2021.10/bin/../lib/gcc/arm-none-eabi/10.3.1/../../../../arm-none-eabi/lib/thumb/v7e-m/nofp\libg.a(lib_a-assert.o)
 .ARM.attributes
                0x00000849       0x2e c:/program files (x86)/gnu arm embedded toolchain/10 2021.10/bin/../lib/gcc/arm-none-eabi/10.3.1/../../../../arm-none-eabi/lib/thumb/v7e-m/nofp\libg.a(lib_a-callocr.o)
 .ARM.attributes
                0x00000877       0x2e c:/program files (x86)/gnu arm embedded toolchain/10 2021.10/bin/../lib/gcc/arm-none-eabi/10.3.1/../../../../arm-none-eabi/lib/thumb/v7e-m/nofp\libg.a(lib_a-fiprintf.o)
 .ARM.attributes
                0x000008a5       0x2e c:/program files (x86)/gnu arm embedded toolchain/10 2021.10/bin/../lib/gcc/arm-none-eabi/10.3.1/../../../../arm-none-eabi/lib/thumb/v7e-m/nofp\libg.a(lib_a-locale.o)
 .ARM.attributes
                0x000008d3       0x2e c:/program files (x86)/gnu arm embedded toolchain/10 2021.10/bin/../lib/gcc/arm-none-eabi/10.3.1/../../../../arm-none-eabi/lib/thumb/v7e-m/nofp\libg.a(lib_a-mbtowc_r.o)
 .ARM.attributes
                0x00000901       0x2e c:/program files (x86)/gnu arm embedded toolchain/10 2021.10/bin/../lib/gcc/arm-none-eabi/10.3.1/../../../../arm-none-eabi/lib/thumb/v7e-m/nofp\libg.a(lib_a-memmove.o)
 .ARM.attributes
                0x0000092f       0x2e c:/program files (x86)/gnu arm embedded toolchain/10 2021.10/bin/../lib/gcc/arm-none-eabi/10.3.1/../../../../arm-none-eabi/lib/thumb/v7e-m/nofp\libg.a(lib_a-reallocr.o)
 .ARM.attributes
                0x0000095d       0x2e c:/program files (x86)/gnu arm embedded toolchain/10 2021.10/bin/../lib/gcc/arm-none-eabi/10.3.1/../../../../arm-none-eabi/lib/thumb/v7e-m/nofp\libg.a(lib_a-vfiprintf.o)
 .ARM.attributes
                0x0000098b       0x2e c:/program files (x86)/gnu arm embedded toolchain/10 2021.10/bin/../lib/gcc/arm-none-eabi/10.3.1/../../../../arm-none-eabi/lib/thumb/v7e-m/nofp\libg.a(lib_a-wctomb_r.o)
 .ARM.attributes
                0x000009b9       0x2e c:/program files (x86)/gnu arm embedded toolchain/10 2021.10/bin/../lib/gcc/arm-none-eabi/10.3.1/../../../../arm-none-eabi/lib/thumb/v7e-m/nofp\libg.a(lib_a-wsetup.o)
 .ARM.attributes
                0x000009e7       0x2e c:/program files (x86)/gnu arm embedded toolchain/10 2021.10/bin/../lib/gcc/arm-none-eabi/10.3.1/../../../../arm-none-eabi/lib/thumb/v7e-m/nofp\libg.a(lib_a-abort.o)
 .ARM.attributes
                0x00000a15       0x2e c:/program files (x86)/gnu arm embedded toolchain/10 2021.10/bin/../lib/gcc/arm-none-eabi/10.3.1/../../../../arm-none-eabi/lib/thumb/v7e-m/nofp\libg.a(lib_a-ctype_.o)
 .ARM.attributes
                0x00000a43       0x2e c:/program files (x86)/gnu arm embedded toolchain/10 2021.10/bin/../lib/gcc/arm-none-eabi/10.3.1/../../../../arm-none-eabi/lib/thumb/v7e-m/nofp\libg.a(lib_a-fflush.o)
 .ARM.attributes
                0x00000a71       0x2e c:/program files (x86)/gnu arm embedded toolchain/10 2021.10/bin/../lib/gcc/arm-none-eabi/10.3.1/../../../../arm-none-eabi/lib/thumb/v7e-m/nofp\libg.a(lib_a-findfp.o)
 .ARM.attributes
                0x00000a9f       0x2e c:/program files (x86)/gnu arm embedded toolchain/10 2021.10/bin/../lib/gcc/arm-none-eabi/10.3.1/../../../../arm-none-eabi/lib/thumb/v7e-m/nofp\libg.a(lib_a-fputwc.o)
 .ARM.attributes
                0x00000acd       0x2e c:/program files (x86)/gnu arm embedded toolchain/10 2021.10/bin/../lib/gcc/arm-none-eabi/10.3.1/../../../../arm-none-eabi/lib/thumb/v7e-m/nofp\libg.a(lib_a-fvwrite.o)
 .ARM.attributes
                0x00000afb       0x2e c:/program files (x86)/gnu arm embedded toolchain/10 2021.10/bin/../lib/gcc/arm-none-eabi/10.3.1/../../../../arm-none-eabi/lib/thumb/v7e-m/nofp\libg.a(lib_a-fwalk.o)
 .ARM.attributes
                0x00000b29       0x2e c:/program files (x86)/gnu arm embedded toolchain/10 2021.10/bin/../lib/gcc/arm-none-eabi/10.3.1/../../../../arm-none-eabi/lib/thumb/v7e-m/nofp\libg.a(lib_a-makebuf.o)
 .ARM.attributes
                0x00000b57       0x2e c:/program files (x86)/gnu arm embedded toolchain/10 2021.10/bin/../lib/gcc/arm-none-eabi/10.3.1/../../../../arm-none-eabi/lib/thumb/v7e-m/nofp\libg.a(lib_a-signal.o)
 .ARM.attributes
                0x00000b85       0x2e c:/program files (x86)/gnu arm embedded toolchain/10 2021.10/bin/../lib/gcc/arm-none-eabi/10.3.1/../../../../arm-none-eabi/lib/thumb/v7e-m/nofp\libg.a(lib_a-signalr.o)
 .ARM.attributes
                0x00000bb3       0x2e c:/program files (x86)/gnu arm embedded toolchain/10 2021.10/bin/../lib/gcc/arm-none-eabi/10.3.1/../../../../arm-none-eabi/lib/thumb/v7e-m/nofp\libg.a(lib_a-stdio.o)
 .ARM.attributes
                0x00000be1       0x2e c:/program files (x86)/gnu arm embedded toolchain/10 2021.10/bin/../lib/gcc/arm-none-eabi/10.3.1/../../../../arm-none-eabi/lib/thumb/v7e-m/nofp\libg.a(lib_a-wbuf.o)
 .ARM.attributes
                0x00000c0f       0x2e c:/program files (x86)/gnu arm embedded toolchain/10 2021.10/bin/../lib/gcc/arm-none-eabi/10.3.1/../../../../arm-none-eabi/lib/thumb/v7e-m/nofp\libg.a(lib_a-wcrtomb.o)
 .ARM.attributes
                0x00000c3d       0x2e c:/program files (x86)/gnu arm embedded toolchain/10 2021.10/bin/../lib/gcc/arm-none-eabi/10.3.1/../../../../arm-none-eabi/lib/thumb/v7e-m/nofp\libg.a(lib_a-writer.o)
 .ARM.attributes
                0x00000c6b       0x2e c:/program files (x86)/gnu arm embedded toolchain/10 2021.10/bin/../lib/gcc/arm-none-eabi/10.3.1/../../../../arm-none-eabi/lib/thumb/v7e-m/nofp\libg.a(lib_a-closer.o)
 .ARM.attributes
                0x00000c99       0x2e c:/program files (x86)/gnu arm embedded toolchain/10 2021.10/bin/../lib/gcc/arm-none-eabi/10.3.1/../../../../arm-none-eabi/lib/thumb/v7e-m/nofp\libg.a(lib_a-fclose.o)
 .ARM.attributes
                0x00000cc7       0x2e c:/program files (x86)/gnu arm embedded toolchain/10 2021.10/bin/../lib/gcc/arm-none-eabi/10.3.1/../../../../arm-none-eabi/lib/thumb/v7e-m/nofp\libg.a(lib_a-fstatr.o)
 .ARM.attributes
                0x00000cf5       0x2e c:/program files (x86)/gnu arm embedded toolchain/10 2021.10/bin/../lib/gcc/arm-none-eabi/10.3.1/../../../../arm-none-eabi/lib/thumb/v7e-m/nofp\libg.a(lib_a-isattyr.o)
 .ARM.attributes
                0x00000d23       0x2e c:/program files (x86)/gnu arm embedded toolchain/10 2021.10/bin/../lib/gcc/arm-none-eabi/10.3.1/../../../../arm-none-eabi/lib/thumb/v7e-m/nofp\libg.a(lib_a-lseekr.o)
 .ARM.attributes
                0x00000d51       0x2e c:/program files (x86)/gnu arm embedded toolchain/10 2021.10/bin/../lib/gcc/arm-none-eabi/10.3.1/../../../../arm-none-eabi/lib/thumb/v7e-m/nofp\libg.a(lib_a-readr.o)
 .ARM.attributes
                0x00000d7f       0x1e c:/program files (x86)/gnu arm embedded toolchain/10 2021.10/bin/../lib/gcc/arm-none-eabi/10.3.1/thumb/v7e-m/nofp\libgcc.a(_arm_cmpdf2.o)
 .ARM.attributes
                0x00000d9d       0x1e c:/program files (x86)/gnu arm embedded toolchain/10 2021.10/bin/../lib/gcc/arm-none-eabi/10.3.1/thumb/v7e-m/nofp\libgcc.a(_arm_unorddf2.o)
 .ARM.attributes
                0x00000dbb       0x1e c:/program files (x86)/gnu arm embedded toolchain/10 2021.10/bin/../lib/gcc/arm-none-eabi/10.3.1/thumb/v7e-m/nofp\libgcc.a(_arm_fixdfsi.o)
 .ARM.attributes
                0x00000dd9       0x1e c:/program files (x86)/gnu arm embedded toolchain/10 2021.10/bin/../lib/gcc/arm-none-eabi/10.3.1/thumb/v7e-m/nofp/crtn.o
OUTPUT(Debug_Timer_Prints.elf elf32-littlearm)
LOAD linker stubs
LOAD c:/program files (x86)/gnu arm embedded toolchain/10 2021.10/bin/../lib/gcc/arm-none-eabi/10.3.1/../../../../arm-none-eabi/lib/thumb/v7e-m/nofp\libc.a
LOAD c:/program files (x86)/gnu arm embedded toolchain/10 2021.10/bin/../lib/gcc/arm-none-eabi/10.3.1/../../../../arm-none-eabi/lib/thumb/v7e-m/nofp\libm.a
LOAD c:/program files (x86)/gnu arm embedded toolchain/10 2021.10/bin/../lib/gcc/arm-none-eabi/10.3.1/thumb/v7e-m/nofp\libgcc.a

.debug_info     0x00000000    0x1075a
 .debug_info    0x00000000      0x9f0 CMakeFiles/Debug_Timer_Prints.elf.dir/Drivers/STM32F4xx_HAL_Driver/Src/stm32f4xx_hal.c.obj
 .debug_info    0x000009f0     0x1098 CMakeFiles/Debug_Timer_Prints.elf.dir/Drivers/STM32F4xx_HAL_Driver/Src/stm32f4xx_hal_cortex.c.obj
 .debug_info    0x00001a88      0xb3f CMakeFiles/Debug_Timer_Prints.elf.dir/Drivers/STM32F4xx_HAL_Driver/Src/stm32f4xx_hal_dma.c.obj
 .debug_info    0x000025c7      0x7b0 CMakeFiles/Debug_Timer_Prints.elf.dir/Drivers/STM32F4xx_HAL_Driver/Src/stm32f4xx_hal_gpio.c.obj
 .debug_info    0x00002d77      0xb03 CMakeFiles/Debug_Timer_Prints.elf.dir/Drivers/STM32F4xx_HAL_Driver/Src/stm32f4xx_hal_rcc.c.obj
 .debug_info    0x0000387a     0x3d5b CMakeFiles/Debug_Timer_Prints.elf.dir/Drivers/STM32F4xx_HAL_Driver/Src/stm32f4xx_hal_tim.c.obj
 .debug_info    0x000075d5     0x1ade CMakeFiles/Debug_Timer_Prints.elf.dir/Drivers/STM32F4xx_HAL_Driver/Src/stm32f4xx_hal_tim_ex.c.obj
 .debug_info    0x000090b3     0x424e CMakeFiles/Debug_Timer_Prints.elf.dir/Drivers/STM32F4xx_HAL_Driver/Src/stm32f4xx_hal_uart.c.obj
 .debug_info    0x0000d301      0xca1 CMakeFiles/Debug_Timer_Prints.elf.dir/Src/main.c.obj
 .debug_info    0x0000dfa2     0x117e CMakeFiles/Debug_Timer_Prints.elf.dir/Src/stm32f4xx_hal_msp.c.obj
 .debug_info    0x0000f120      0x978 CMakeFiles/Debug_Timer_Prints.elf.dir/Src/stm32f4xx_it.c.obj
 .debug_info    0x0000fa98      0x7af CMakeFiles/Debug_Timer_Prints.elf.dir/Src/syscalls.c.obj
 .debug_info    0x00010247      0x174 CMakeFiles/Debug_Timer_Prints.elf.dir/Src/sysmem.c.obj
 .debug_info    0x000103bb      0x37d CMakeFiles/Debug_Timer_Prints.elf.dir/Src/system_stm32f4xx.c.obj
 .debug_info    0x00010738       0x22 CMakeFiles/Debug_Timer_Prints.elf.dir/Startup/startup_stm32f407vgtx.s.obj

.debug_abbrev   0x00000000     0x1d4a
 .debug_abbrev  0x00000000      0x206 CMakeFiles/Debug_Timer_Prints.elf.dir/Drivers/STM32F4xx_HAL_Driver/Src/stm32f4xx_hal.c.obj
 .debug_abbrev  0x00000206      0x36a CMakeFiles/Debug_Timer_Prints.elf.dir/Drivers/STM32F4xx_HAL_Driver/Src/stm32f4xx_hal_cortex.c.obj
 .debug_abbrev  0x00000570      0x2c2 CMakeFiles/Debug_Timer_Prints.elf.dir/Drivers/STM32F4xx_HAL_Driver/Src/stm32f4xx_hal_dma.c.obj
 .debug_abbrev  0x00000832      0x1ef CMakeFiles/Debug_Timer_Prints.elf.dir/Drivers/STM32F4xx_HAL_Driver/Src/stm32f4xx_hal_gpio.c.obj
 .debug_abbrev  0x00000a21      0x28a CMakeFiles/Debug_Timer_Prints.elf.dir/Drivers/STM32F4xx_HAL_Driver/Src/stm32f4xx_hal_rcc.c.obj
 .debug_abbrev  0x00000cab      0x22b CMakeFiles/Debug_Timer_Prints.elf.dir/Drivers/STM32F4xx_HAL_Driver/Src/stm32f4xx_hal_tim.c.obj
 .debug_abbrev  0x00000ed6      0x241 CMakeFiles/Debug_Timer_Prints.elf.dir/Drivers/STM32F4xx_HAL_Driver/Src/stm32f4xx_hal_tim_ex.c.obj
 .debug_abbrev  0x00001117      0x2fd CMakeFiles/Debug_Timer_Prints.elf.dir/Drivers/STM32F4xx_HAL_Driver/Src/stm32f4xx_hal_uart.c.obj
 .debug_abbrev  0x00001414      0x23f CMakeFiles/Debug_Timer_Prints.elf.dir/Src/main.c.obj
 .debug_abbrev  0x00001653      0x1c9 CMakeFiles/Debug_Timer_Prints.elf.dir/Src/stm32f4xx_hal_msp.c.obj
 .debug_abbrev  0x0000181c      0x179 CMakeFiles/Debug_Timer_Prints.elf.dir/Src/stm32f4xx_it.c.obj
 .debug_abbrev  0x00001995      0x1a3 CMakeFiles/Debug_Timer_Prints.elf.dir/Src/syscalls.c.obj
 .debug_abbrev  0x00001b38       0xe7 CMakeFiles/Debug_Timer_Prints.elf.dir/Src/sysmem.c.obj
 .debug_abbrev  0x00001c1f      0x119 CMakeFiles/Debug_Timer_Prints.elf.dir/Src/system_stm32f4xx.c.obj
 .debug_abbrev  0x00001d38       0x12 CMakeFiles/Debug_Timer_Prints.elf.dir/Startup/startup_stm32f407vgtx.s.obj

.debug_loc      0x00000000     0xdc99
 .debug_loc     0x00000000      0x141 CMakeFiles/Debug_Timer_Prints.elf.dir/Drivers/STM32F4xx_HAL_Driver/Src/stm32f4xx_hal.c.obj
 .debug_loc     0x00000141      0x744 CMakeFiles/Debug_Timer_Prints.elf.dir/Drivers/STM32F4xx_HAL_Driver/Src/stm32f4xx_hal_cortex.c.obj
 .debug_loc     0x00000885      0xbf9 CMakeFiles/Debug_Timer_Prints.elf.dir/Drivers/STM32F4xx_HAL_Driver/Src/stm32f4xx_hal_dma.c.obj
 .debug_loc     0x0000147e      0x520 CMakeFiles/Debug_Timer_Prints.elf.dir/Drivers/STM32F4xx_HAL_Driver/Src/stm32f4xx_hal_gpio.c.obj
 .debug_loc     0x0000199e      0x58c CMakeFiles/Debug_Timer_Prints.elf.dir/Drivers/STM32F4xx_HAL_Driver/Src/stm32f4xx_hal_rcc.c.obj
 .debug_loc     0x00001f2a     0x506c CMakeFiles/Debug_Timer_Prints.elf.dir/Drivers/STM32F4xx_HAL_Driver/Src/stm32f4xx_hal_tim.c.obj
 .debug_loc     0x00006f96     0x1cd7 CMakeFiles/Debug_Timer_Prints.elf.dir/Drivers/STM32F4xx_HAL_Driver/Src/stm32f4xx_hal_tim_ex.c.obj
 .debug_loc     0x00008c6d     0x49ab CMakeFiles/Debug_Timer_Prints.elf.dir/Drivers/STM32F4xx_HAL_Driver/Src/stm32f4xx_hal_uart.c.obj
 .debug_loc     0x0000d618       0xb6 CMakeFiles/Debug_Timer_Prints.elf.dir/Src/main.c.obj
 .debug_loc     0x0000d6ce       0x4a CMakeFiles/Debug_Timer_Prints.elf.dir/Src/stm32f4xx_hal_msp.c.obj
 .debug_loc     0x0000d718      0x3c5 CMakeFiles/Debug_Timer_Prints.elf.dir/Src/syscalls.c.obj
 .debug_loc     0x0000dadd       0x64 CMakeFiles/Debug_Timer_Prints.elf.dir/Src/sysmem.c.obj
 .debug_loc     0x0000db41      0x158 CMakeFiles/Debug_Timer_Prints.elf.dir/Src/system_stm32f4xx.c.obj

.debug_aranges  0x00000000      0xc08
 .debug_aranges
                0x00000000       0xf0 CMakeFiles/Debug_Timer_Prints.elf.dir/Drivers/STM32F4xx_HAL_Driver/Src/stm32f4xx_hal.c.obj
 .debug_aranges
                0x000000f0       0xa8 CMakeFiles/Debug_Timer_Prints.elf.dir/Drivers/STM32F4xx_HAL_Driver/Src/stm32f4xx_hal_cortex.c.obj
 .debug_aranges
                0x00000198       0x90 CMakeFiles/Debug_Timer_Prints.elf.dir/Drivers/STM32F4xx_HAL_Driver/Src/stm32f4xx_hal_dma.c.obj
 .debug_aranges
                0x00000228       0x58 CMakeFiles/Debug_Timer_Prints.elf.dir/Drivers/STM32F4xx_HAL_Driver/Src/stm32f4xx_hal_gpio.c.obj
 .debug_aranges
                0x00000280       0x88 CMakeFiles/Debug_Timer_Prints.elf.dir/Drivers/STM32F4xx_HAL_Driver/Src/stm32f4xx_hal_rcc.c.obj
 .debug_aranges
                0x00000308      0x3d0 CMakeFiles/Debug_Timer_Prints.elf.dir/Drivers/STM32F4xx_HAL_Driver/Src/stm32f4xx_hal_tim.c.obj
 .debug_aranges
                0x000006d8      0x168 CMakeFiles/Debug_Timer_Prints.elf.dir/Drivers/STM32F4xx_HAL_Driver/Src/stm32f4xx_hal_tim_ex.c.obj
 .debug_aranges
                0x00000840      0x200 CMakeFiles/Debug_Timer_Prints.elf.dir/Drivers/STM32F4xx_HAL_Driver/Src/stm32f4xx_hal_uart.c.obj
 .debug_aranges
                0x00000a40       0x50 CMakeFiles/Debug_Timer_Prints.elf.dir/Src/main.c.obj
 .debug_aranges
                0x00000a90       0x30 CMakeFiles/Debug_Timer_Prints.elf.dir/Src/stm32f4xx_hal_msp.c.obj
 .debug_aranges
                0x00000ac0       0x30 CMakeFiles/Debug_Timer_Prints.elf.dir/Src/stm32f4xx_it.c.obj
 .debug_aranges
                0x00000af0       0xa8 CMakeFiles/Debug_Timer_Prints.elf.dir/Src/syscalls.c.obj
 .debug_aranges
                0x00000b98       0x20 CMakeFiles/Debug_Timer_Prints.elf.dir/Src/sysmem.c.obj
 .debug_aranges
                0x00000bb8       0x28 CMakeFiles/Debug_Timer_Prints.elf.dir/Src/system_stm32f4xx.c.obj
 .debug_aranges
                0x00000be0       0x28 CMakeFiles/Debug_Timer_Prints.elf.dir/Startup/startup_stm32f407vgtx.s.obj

.debug_ranges   0x00000000      0xbb0
 .debug_ranges  0x00000000       0xe0 CMakeFiles/Debug_Timer_Prints.elf.dir/Drivers/STM32F4xx_HAL_Driver/Src/stm32f4xx_hal.c.obj
 .debug_ranges  0x000000e0       0xf8 CMakeFiles/Debug_Timer_Prints.elf.dir/Drivers/STM32F4xx_HAL_Driver/Src/stm32f4xx_hal_cortex.c.obj
 .debug_ranges  0x000001d8       0x80 CMakeFiles/Debug_Timer_Prints.elf.dir/Drivers/STM32F4xx_HAL_Driver/Src/stm32f4xx_hal_dma.c.obj
 .debug_ranges  0x00000258       0x48 CMakeFiles/Debug_Timer_Prints.elf.dir/Drivers/STM32F4xx_HAL_Driver/Src/stm32f4xx_hal_gpio.c.obj
 .debug_ranges  0x000002a0       0x90 CMakeFiles/Debug_Timer_Prints.elf.dir/Drivers/STM32F4xx_HAL_Driver/Src/stm32f4xx_hal_rcc.c.obj
 .debug_ranges  0x00000330      0x3c0 CMakeFiles/Debug_Timer_Prints.elf.dir/Drivers/STM32F4xx_HAL_Driver/Src/stm32f4xx_hal_tim.c.obj
 .debug_ranges  0x000006f0      0x158 CMakeFiles/Debug_Timer_Prints.elf.dir/Drivers/STM32F4xx_HAL_Driver/Src/stm32f4xx_hal_tim_ex.c.obj
 .debug_ranges  0x00000848      0x208 CMakeFiles/Debug_Timer_Prints.elf.dir/Drivers/STM32F4xx_HAL_Driver/Src/stm32f4xx_hal_uart.c.obj
 .debug_ranges  0x00000a50       0x40 CMakeFiles/Debug_Timer_Prints.elf.dir/Src/main.c.obj
 .debug_ranges  0x00000a90       0x20 CMakeFiles/Debug_Timer_Prints.elf.dir/Src/stm32f4xx_hal_msp.c.obj
 .debug_ranges  0x00000ab0       0x20 CMakeFiles/Debug_Timer_Prints.elf.dir/Src/stm32f4xx_it.c.obj
 .debug_ranges  0x00000ad0       0x98 CMakeFiles/Debug_Timer_Prints.elf.dir/Src/syscalls.c.obj
 .debug_ranges  0x00000b68       0x10 CMakeFiles/Debug_Timer_Prints.elf.dir/Src/sysmem.c.obj
 .debug_ranges  0x00000b78       0x18 CMakeFiles/Debug_Timer_Prints.elf.dir/Src/system_stm32f4xx.c.obj
 .debug_ranges  0x00000b90       0x20 CMakeFiles/Debug_Timer_Prints.elf.dir/Startup/startup_stm32f407vgtx.s.obj

.debug_line     0x00000000     0xf3cf
 .debug_line    0x00000000      0x631 CMakeFiles/Debug_Timer_Prints.elf.dir/Drivers/STM32F4xx_HAL_Driver/Src/stm32f4xx_hal.c.obj
 .debug_line    0x00000631      0x844 CMakeFiles/Debug_Timer_Prints.elf.dir/Drivers/STM32F4xx_HAL_Driver/Src/stm32f4xx_hal_cortex.c.obj
 .debug_line    0x00000e75      0xec3 CMakeFiles/Debug_Timer_Prints.elf.dir/Drivers/STM32F4xx_HAL_Driver/Src/stm32f4xx_hal_dma.c.obj